MPLINK 5.00, LINKER
Linker Map File - Created Fri Oct 02 11:41:03 2015

                                 Section Info
                  Section       Type    Address   Location Size(Bytes)
                ---------  ---------  ---------  ---------  ---------
               _entry_scn       code   0x000000    program   0x000006
       .code__user_putc.o       code   0x000006    program   0x000002
      InterruptVectorHigh       code   0x000008    program   0x0001ac
                   .cinit    romdata   0x0001b4    program   0x00000e
         .code_vfprintf.o       code   0x0001c2    program   0x000c22
              .code_Lcd.o       code   0x000de4    program   0x0002a2
          .code_OutFcns.o       code   0x001086    program   0x000174
          .code_sprintf.o       code   0x0011fa    program   0x0000ac
               _cinit_scn       code   0x0012a6    program   0x00009e
             .code_putc.o       code   0x001344    program   0x000084
          .code_fxm3232.o       code   0x0013c8    program   0x000070
                   STRING       code   0x001438    program   0x000066
                     PROG       code   0x00149e    program   0x00005a
             .code_Fcns.o       code   0x0014f8    program   0x00004a
         .code_fxd3232u.o       code   0x001542    program   0x000048
             D10KTCYXCODE       code   0x00158a    program   0x00002e
         .code_fxd1616u.o       code   0x0015b8    program   0x00002c
                    CTYPE       code   0x0015e4    program   0x000024
                    .code       code   0x001608    program   0x000020
             _startup_scn       code   0x001628    program   0x00001c
                    STDIO       code   0x001644    program   0x00001c
         .code_fxd0808u.o       code   0x001660    program   0x00001c
             .stringtable    romdata   0x00167c    program   0x000019
      .romdata_vfprintf.o    romdata   0x001695    program   0x000011
           .code___init.o       code   0x0016a6    program   0x000002
        .romdata___init.o    romdata   0x0016a8    program   0x000000
       .idata_sprintf.o_i    romdata   0x0016a8    program   0x000000
       .romdata_sprintf.o    romdata   0x0016a8    program   0x000000
           .romdata_Lcd.o    romdata   0x0016a8    program   0x000000
      .idata_vfprintf.o_i    romdata   0x0016a8    program   0x000000
      .romdata_fxd3232u.o    romdata   0x0016a8    program   0x000000
         .romdata_c018i.o    romdata   0x0016a8    program   0x000000
       .romdata_fxm3232.o    romdata   0x0016a8    program   0x000000
      .romdata_fxd1616u.o    romdata   0x0016a8    program   0x000000
          .idata_main.o_i    romdata   0x0016a8    program   0x000008
      .romdata_fxd0808u.o    romdata   0x0016a8    program   0x000000
          .romdata_main.o    romdata   0x0016a8    program   0x000000
       .romdata_OutFcns.o    romdata   0x0016a8    program   0x000000
          .idata_putc.o_i    romdata   0x0016a8    program   0x000000
          .romdata_Fcns.o    romdata   0x0016a8    program   0x000000
          .romdata_putc.o    romdata   0x0016a8    program   0x000000
    .romdata__user_putc.o    romdata   0x0016a8    program   0x000000
       .idata_fxm3232.o_i    romdata   0x0016b0    program   0x000000
    .idata__user_putc.o_i    romdata   0x0016b0    program   0x000000
      .idata_fxd3232u.o_i    romdata   0x0016b0    program   0x000000
        .idata___init.o_i    romdata   0x0016b0    program   0x000000
      .idata_fxd1616u.o_i    romdata   0x0016b0    program   0x000000
      .idata_fxd0808u.o_i    romdata   0x0016b0    program   0x000000
       .idata_OutFcns.o_i    romdata   0x0016b0    program   0x000000
          .idata_Fcns.o_i    romdata   0x0016b0    program   0x000000
             .code_main.o       code   0x0016b0    program   0x000000
           .idata_Lcd.o_i    romdata   0x0016b0    program   0x000000
            .code_c018i.o       code   0x0016b0    program   0x000000
         .idata_c018i.o_i    romdata   0x0016b0    program   0x000000
    .config_300001_main.o    romdata   0x300001    program   0x000001
    .config_300003_main.o    romdata   0x300003    program   0x000001
    .config_300006_main.o    romdata   0x300006    program   0x000001
                MATH_DATA      udata   0x000000       data   0x000014
                 .tmpdata      udata   0x000014       data   0x000007
                DELAYDAT2      udata   0x00001b       data   0x000001
                DELAYDAT1      udata   0x00001c       data   0x000001
                   .stack      udata   0x000e00       data   0x000100
         .udata_OutFcns.o      udata   0x000f00       data   0x00000f
           .udata_c018i.o      udata   0x000f0f       data   0x00000a
            .idata_main.o      idata   0x000f19       data   0x000008
            .udata_main.o      udata   0x000f21       data   0x000002
            .udata_Fcns.o      udata   0x000f23       data   0x000002
         .udata_sprintf.o      udata   0x000f25       data   0x000000
         .idata_sprintf.o      idata   0x000f25       data   0x000000
        .udata_vfprintf.o      udata   0x000f25       data   0x000000
        .idata_vfprintf.o      idata   0x000f25       data   0x000000
        .udata_fxd3232u.o      udata   0x000f25       data   0x000000
        .idata_fxd3232u.o      idata   0x000f25       data   0x000000
         .udata_fxm3232.o      udata   0x000f25       data   0x000000
         .idata_fxm3232.o      idata   0x000f25       data   0x000000
            .udata_putc.o      udata   0x000f25       data   0x000000
            .idata_putc.o      idata   0x000f25       data   0x000000
      .udata__user_putc.o      udata   0x000f25       data   0x000000
      .idata__user_putc.o      idata   0x000f25       data   0x000000
          .idata___init.o      idata   0x000f25       data   0x000000
          .udata___init.o      udata   0x000f25       data   0x000000
        .idata_fxd1616u.o      idata   0x000f25       data   0x000000
        .udata_fxd1616u.o      udata   0x000f25       data   0x000000
        .idata_fxd0808u.o      idata   0x000f25       data   0x000000
        .udata_fxd0808u.o      udata   0x000f25       data   0x000000
           .idata_c018i.o      idata   0x000f25       data   0x000000
             .udata_Lcd.o      udata   0x000f25       data   0x000000
         .idata_OutFcns.o      idata   0x000f25       data   0x000000
            .idata_Fcns.o      idata   0x000f25       data   0x000000
             .idata_Lcd.o      idata   0x000f25       data   0x000000
              SFR_BANKED0      udata   0x000f38       data   0x000028
            SFR_UNBANKED0      udata   0x000f60       data   0x0000a0



                              Program Memory Usage 
                               Start         End      
                           ---------   ---------      
                            0x000000    0x0016af      
                            0x300001    0x300001      
                            0x300003    0x300003      
                            0x300006    0x300006      
            5811 out of 66584 program addresses used, program memory utilization is 8%



                              Symbols - Sorted by Name
                     Name    Address   Location    Storage File                     
                ---------  ---------  ---------  --------- ---------                
                   D10K_1   0x001596    program     static E:\3.46\pic18-lt\cxx-framework\src\traditional\delays\d10ktcyx.asm
                    D10Kl   0x0015a2    program     static E:\3.46\pic18-lt\cxx-framework\src\traditional\delays\d10ktcyx.asm
                    D10Kx   0x001594    program     static E:\3.46\pic18-lt\cxx-framework\src\traditional\delays\d10ktcyx.asm
                  DACVolt   0x00112c    program     extern C:\Users\Public\Documents\ECGGating.X\OutFcns.c
             Delay10KTCYx   0x00158a    program     extern E:\3.46\pic18-lt\cxx-framework\src\traditional\delays\d10ktcyx.asm
                 FXD0808U   0x001660    program     extern E:\3.46\pic18-lt\cxx-framework\src\traditional\math\fxd0808u.c
                 FXD1616U   0x0015b8    program     extern E:\3.46\pic18-lt\cxx-framework\src\traditional\math\fxd1616u.c
                 FXD3232U   0x001542    program     extern E:\3.46\pic18-lt\cxx-framework\src\traditional\math\fxd3232u.c
                 FXM1616S   0x00149e    program     extern E:\3.46\pic18-lt\cxx-framework\src\traditional\math\fxm1616s.asm
                  FXM3232   0x0013c8    program     extern E:\3.46\pic18-lt\cxx-framework\src\traditional\math\fxm3232.c
        High_Priority_ISR   0x00000e    program     extern C:\Users\Public\Documents\ECGGating.X\main.c
      InterruptVectorHigh   0x000008    program     extern C:\Users\Public\Documents\ECGGating.X\main.c
                 LCDClear   0x000f82    program     extern C:\Users\Public\Documents\ECGGating.X\Lcd.c
                  LCDGoto   0x000f8c    program     extern C:\Users\Public\Documents\ECGGating.X\Lcd.c
                  LCDInit   0x000f26    program     extern C:\Users\Public\Documents\ECGGating.X\Lcd.c
               LCDPutByte   0x000fca    program     extern C:\Users\Public\Documents\ECGGating.X\Lcd.c
               LCDPutChar   0x000fbc    program     extern C:\Users\Public\Documents\ECGGating.X\Lcd.c
              LCDWriteStr   0x000fde    program     extern C:\Users\Public\Documents\ECGGating.X\Lcd.c
                  RTC_ISR   0x00016e    program     extern C:\Users\Public\Documents\ECGGating.X\main.c
                 ReadByte   0x000de4    program     extern C:\Users\Public\Documents\ECGGating.X\Lcd.c
                  SysInit   0x0000e8    program     extern C:\Users\Public\Documents\ECGGating.X\main.c
               TSIGN1616A   0x0014ea    program     static E:\3.46\pic18-lt\cxx-framework\src\traditional\math\fxm1616s.asm
                  WaitLCD   0x000e5a    program     extern C:\Users\Public\Documents\ECGGating.X\Lcd.c
                WriteByte   0x000f10    program     extern C:\Users\Public\Documents\ECGGating.X\Lcd.c
              WriteNibble   0x000ec2    program     extern C:\Users\Public\Documents\ECGGating.X\Lcd.c
                   _2jEnd   0x001488    program     static E:\3.46\pic18-lt\cxx-framework\src\traditional\stdclib\slenpgm.asm
       _D10KTCYXCODE_0010   0x00159a    program     static E:\3.46\pic18-lt\cxx-framework\src\traditional\delays\d10ktcyx.asm
       _D10KTCYXCODE_001C   0x0015a6    program     static E:\3.46\pic18-lt\cxx-framework\src\traditional\delays\d10ktcyx.asm
           ___do_lbl00002   0x000e9e    program     static                          
           ___do_lbl00003   0x000ea2    program     static                          
           ___do_lbl00004   0x000e92    program     static                          
           ___do_lbl00005   0x000e94    program     static                          
           ___do_lbl00006   0x000e8c    program     static                          
           ___do_lbl00008   0x000e72    program     static                          
         ___else_lbl00011   0x000ed6    program     static                          
           ___if_lbl00007   0x000e94    program     static                          
           ___if_lbl00010   0x000ed8    program     static                          
       ___return_lbl00000   0x001436    program     static                          
       ___return_lbl00000   0x00000c    program     static                          
       ___return_lbl00000   0x0015e2    program     static                          
       ___return_lbl00000   0x001588    program     static                          
       ___return_lbl00000   0x00167a    program     static                          
       ___return_lbl00000   0x000004    program     static                          
       ___return_lbl00000   0x000e42    program     static                          
       ___return_lbl00001   0x001642    program     static                          
       ___return_lbl00001   0x000eae    program     static                          
       ___return_lbl00002   0x001342    program     static                          
       ___return_lbl00009   0x000f06    program     static                          
               __config_0   0x300001    program     static C:\Users\Public\Documents\ECGGating.X\main.c
               __config_1   0x300003    program     static C:\Users\Public\Documents\ECGGating.X\main.c
               __config_2   0x300006    program     static C:\Users\Public\Documents\ECGGating.X\main.c
                   __init   0x0016a6    program     extern E:\3.46\pic18-lt\cxx-framework\src\traditional\stdclib\__init.c
                   __pa_0   0x000ffc    program     static C:\Users\Public\Documents\ECGGating.X\Lcd.c
                   __pa_0   0x001166    program     static C:\Users\Public\Documents\ECGGating.X\OutFcns.c
                   __pa_0   0x000b02    program     static E:\3.46\pic18-lt\cxx-framework\src\traditional\stdclib\vfprintf.c
                   __pa_1   0x001002    program     static C:\Users\Public\Documents\ECGGating.X\Lcd.c
                   __pa_1   0x00119c    program     static C:\Users\Public\Documents\ECGGating.X\OutFcns.c
                   __pa_1   0x000b0a    program     static E:\3.46\pic18-lt\cxx-framework\src\traditional\stdclib\vfprintf.c
                  __pa_10   0x000bbe    program     static E:\3.46\pic18-lt\cxx-framework\src\traditional\stdclib\vfprintf.c
                  __pa_11   0x000bcc    program     static E:\3.46\pic18-lt\cxx-framework\src\traditional\stdclib\vfprintf.c
                  __pa_12   0x000be2    program     static E:\3.46\pic18-lt\cxx-framework\src\traditional\stdclib\vfprintf.c
                  __pa_13   0x000bfc    program     static E:\3.46\pic18-lt\cxx-framework\src\traditional\stdclib\vfprintf.c
                  __pa_14   0x000c14    program     static E:\3.46\pic18-lt\cxx-framework\src\traditional\stdclib\vfprintf.c
                  __pa_15   0x000c24    program     static E:\3.46\pic18-lt\cxx-framework\src\traditional\stdclib\vfprintf.c
                  __pa_16   0x000c3a    program     static E:\3.46\pic18-lt\cxx-framework\src\traditional\stdclib\vfprintf.c
                  __pa_17   0x000c4c    program     static E:\3.46\pic18-lt\cxx-framework\src\traditional\stdclib\vfprintf.c
                  __pa_18   0x000c5e    program     static E:\3.46\pic18-lt\cxx-framework\src\traditional\stdclib\vfprintf.c
                  __pa_19   0x000c68    program     static E:\3.46\pic18-lt\cxx-framework\src\traditional\stdclib\vfprintf.c
                   __pa_2   0x000b14    program     static E:\3.46\pic18-lt\cxx-framework\src\traditional\stdclib\vfprintf.c
                   __pa_2   0x0011b6    program     static C:\Users\Public\Documents\ECGGating.X\OutFcns.c
                   __pa_2   0x001032    program     static C:\Users\Public\Documents\ECGGating.X\Lcd.c
                  __pa_20   0x000c78    program     static E:\3.46\pic18-lt\cxx-framework\src\traditional\stdclib\vfprintf.c
                  __pa_21   0x000c88    program     static E:\3.46\pic18-lt\cxx-framework\src\traditional\stdclib\vfprintf.c
                  __pa_22   0x000c98    program     static E:\3.46\pic18-lt\cxx-framework\src\traditional\stdclib\vfprintf.c
                  __pa_23   0x000ca4    program     static E:\3.46\pic18-lt\cxx-framework\src\traditional\stdclib\vfprintf.c
                  __pa_24   0x000cb2    program     static E:\3.46\pic18-lt\cxx-framework\src\traditional\stdclib\vfprintf.c
                  __pa_25   0x000cba    program     static E:\3.46\pic18-lt\cxx-framework\src\traditional\stdclib\vfprintf.c
                  __pa_26   0x000cc4    program     static E:\3.46\pic18-lt\cxx-framework\src\traditional\stdclib\vfprintf.c
                  __pa_27   0x000cce    program     static E:\3.46\pic18-lt\cxx-framework\src\traditional\stdclib\vfprintf.c
                  __pa_28   0x000cd6    program     static E:\3.46\pic18-lt\cxx-framework\src\traditional\stdclib\vfprintf.c
                  __pa_29   0x000ce4    program     static E:\3.46\pic18-lt\cxx-framework\src\traditional\stdclib\vfprintf.c
                   __pa_3   0x000b1e    program     static E:\3.46\pic18-lt\cxx-framework\src\traditional\stdclib\vfprintf.c
                   __pa_3   0x0011cc    program     static C:\Users\Public\Documents\ECGGating.X\OutFcns.c
                   __pa_3   0x00103c    program     static C:\Users\Public\Documents\ECGGating.X\Lcd.c
                  __pa_30   0x000d00    program     static E:\3.46\pic18-lt\cxx-framework\src\traditional\stdclib\vfprintf.c
                  __pa_31   0x000d1a    program     static E:\3.46\pic18-lt\cxx-framework\src\traditional\stdclib\vfprintf.c
                  __pa_32   0x000d34    program     static E:\3.46\pic18-lt\cxx-framework\src\traditional\stdclib\vfprintf.c
                  __pa_33   0x000d4c    program     static E:\3.46\pic18-lt\cxx-framework\src\traditional\stdclib\vfprintf.c
                  __pa_34   0x000d56    program     static E:\3.46\pic18-lt\cxx-framework\src\traditional\stdclib\vfprintf.c
                  __pa_35   0x000d64    program     static E:\3.46\pic18-lt\cxx-framework\src\traditional\stdclib\vfprintf.c
                  __pa_36   0x000d6c    program     static E:\3.46\pic18-lt\cxx-framework\src\traditional\stdclib\vfprintf.c
                  __pa_37   0x000d76    program     static E:\3.46\pic18-lt\cxx-framework\src\traditional\stdclib\vfprintf.c
                  __pa_38   0x000d86    program     static E:\3.46\pic18-lt\cxx-framework\src\traditional\stdclib\vfprintf.c
                  __pa_39   0x000d94    program     static E:\3.46\pic18-lt\cxx-framework\src\traditional\stdclib\vfprintf.c
                   __pa_4   0x0011d6    program     static C:\Users\Public\Documents\ECGGating.X\OutFcns.c
                   __pa_4   0x001044    program     static C:\Users\Public\Documents\ECGGating.X\Lcd.c
                   __pa_4   0x000b36    program     static E:\3.46\pic18-lt\cxx-framework\src\traditional\stdclib\vfprintf.c
                  __pa_40   0x000da0    program     static E:\3.46\pic18-lt\cxx-framework\src\traditional\stdclib\vfprintf.c
                  __pa_41   0x000dac    program     static E:\3.46\pic18-lt\cxx-framework\src\traditional\stdclib\vfprintf.c
                  __pa_42   0x000db4    program     static E:\3.46\pic18-lt\cxx-framework\src\traditional\stdclib\vfprintf.c
                  __pa_43   0x000dbe    program     static E:\3.46\pic18-lt\cxx-framework\src\traditional\stdclib\vfprintf.c
                  __pa_44   0x000dc4    program     static E:\3.46\pic18-lt\cxx-framework\src\traditional\stdclib\vfprintf.c
                  __pa_45   0x000dce    program     static E:\3.46\pic18-lt\cxx-framework\src\traditional\stdclib\vfprintf.c
                  __pa_46   0x000dda    program     static E:\3.46\pic18-lt\cxx-framework\src\traditional\stdclib\vfprintf.c
                   __pa_5   0x00104e    program     static C:\Users\Public\Documents\ECGGating.X\Lcd.c
                   __pa_5   0x0011e6    program     static C:\Users\Public\Documents\ECGGating.X\OutFcns.c
                   __pa_5   0x000b4a    program     static E:\3.46\pic18-lt\cxx-framework\src\traditional\stdclib\vfprintf.c
                   __pa_6   0x00105e    program     static C:\Users\Public\Documents\ECGGating.X\Lcd.c
                   __pa_6   0x000b66    program     static E:\3.46\pic18-lt\cxx-framework\src\traditional\stdclib\vfprintf.c
                   __pa_6   0x0011f2    program     static C:\Users\Public\Documents\ECGGating.X\OutFcns.c
                   __pa_7   0x000b70    program     static E:\3.46\pic18-lt\cxx-framework\src\traditional\stdclib\vfprintf.c
                   __pa_7   0x00106c    program     static C:\Users\Public\Documents\ECGGating.X\Lcd.c
                   __pa_8   0x000b7c    program     static E:\3.46\pic18-lt\cxx-framework\src\traditional\stdclib\vfprintf.c
                   __pa_8   0x001074    program     static C:\Users\Public\Documents\ECGGating.X\Lcd.c
                   __pa_9   0x00107a    program     static C:\Users\Public\Documents\ECGGating.X\Lcd.c
                   __pa_9   0x000b9e    program     static E:\3.46\pic18-lt\cxx-framework\src\traditional\stdclib\vfprintf.c
               __string_0   0x001686    program     static C:\Users\Public\Documents\ECGGating.X\OutFcns.c
               __string_1   0x001681    program     static C:\Users\Public\Documents\ECGGating.X\OutFcns.c
               __string_2   0x00167c    program     static C:\Users\Public\Documents\ECGGating.X\OutFcns.c
              __tmplbl_42   0x000c98    program     static                          
              __tmplbl_43   0x000ae0    program     static                          
              __tmplbl_44   0x000ac6    program     static                          
              __tmplbl_85   0x000218    program     static                          
            __zero_memory   0x001608    program     extern E:\3.46\pic18-lt\cxx-framework\src\traditional\proc\p18f46k22.asm
                _do_cinit   0x0012a6    program     extern E:\3.46\pic18-lt\cxx-framework\src\traditional\startup\c018i.c
                   _entry   0x000000    program     extern E:\3.46\pic18-lt\cxx-framework\src\traditional\startup\c018i.c
                   _false   0x001584    program     static                          
                 _startup   0x001628    program     extern E:\3.46\pic18-lt\cxx-framework\src\traditional\startup\c018i.c
              _usart_putc   0x001644    program     extern E:\3.46\pic18-lt\cxx-framework\src\pmc_common\USART\_usartpc.asm
               _user_putc   0x000006    program     extern E:\3.46\pic18-lt\cxx-framework\src\traditional\stdclib\_user_putc.c
                compare_l   0x00161e    program     static E:\3.46\pic18-lt\cxx-framework\src\traditional\proc\p18f46k22.asm
                copy_loop   0x001318    program     static                          
            copy_one_byte   0x00131e    program     static                          
                     done   0x001342    program     static                          
             done_copying   0x00132c    program     static                          
                  endloop   0x001676    program     static                          
                  endloop   0x0015de    program     static                          
                  isdigit   0x0015e4    program     extern E:\3.46\pic18-lt\cxx-framework\src\traditional\stdclib\isdigit.asm
                     jEnd   0x001452    program     static E:\3.46\pic18-lt\cxx-framework\src\traditional\stdclib\strlen.asm
                     jEnd   0x00148a    program     static E:\3.46\pic18-lt\cxx-framework\src\traditional\stdclib\slenpgm.asm
                    jLoop   0x001472    program     static E:\3.46\pic18-lt\cxx-framework\src\traditional\stdclib\slenpgm.asm
                    jLoop   0x001448    program     static E:\3.46\pic18-lt\cxx-framework\src\traditional\stdclib\strlen.asm
                   jMatch   0x001604    program     static E:\3.46\pic18-lt\cxx-framework\src\traditional\stdclib\isdigit.asm
                 jNoMatch   0x001606    program     static E:\3.46\pic18-lt\cxx-framework\src\traditional\stdclib\isdigit.asm
                     loop   0x0015c2    program     static                          
                     loop   0x001638    program     static                          
                     loop   0x001668    program     static                          
                     loop   0x001550    program     static                          
                     loop   0x001654    program     static E:\3.46\pic18-lt\cxx-framework\src\pmc_common\USART\_usartpc.asm
                   loop_h   0x001616    program     static E:\3.46\pic18-lt\cxx-framework\src\traditional\proc\p18f46k22.asm
                   loop_l   0x001620    program     static E:\3.46\pic18-lt\cxx-framework\src\traditional\proc\p18f46k22.asm
                     main   0x0000a2    program     extern C:\Users\Public\Documents\ECGGating.X\main.c
                     putc   0x001344    program     extern E:\3.46\pic18-lt\cxx-framework\src\traditional\stdclib\putc.c
                 readAVin   0x0014f8    program     extern C:\Users\Public\Documents\ECGGating.X\Fcns.c
                 readSSP1   0x001530    program     extern C:\Users\Public\Documents\ECGGating.X\Fcns.c
                 s_digits   0x001695    program     static E:\3.46\pic18-lt\cxx-framework\src\traditional\stdclib\vfprintf.c
            s_put_n_chars   0x0001c2    program     static E:\3.46\pic18-lt\cxx-framework\src\traditional\stdclib\vfprintf.c
                  sprintf   0x0011fa    program     extern E:\3.46\pic18-lt\cxx-framework\src\traditional\stdclib\sprintf.c
                   strlen   0x001438    program     extern E:\3.46\pic18-lt\cxx-framework\src\traditional\stdclib\strlen.asm
                strlenpgm   0x001454    program     extern E:\3.46\pic18-lt\cxx-framework\src\traditional\stdclib\slenpgm.asm
                     test   0x0012c0    program     static                          
                 vfprintf   0x0001ee    program     extern E:\3.46\pic18-lt\cxx-framework\src\traditional\stdclib\vfprintf.c
                 writeSSP   0x001164    program     extern C:\Users\Public\Documents\ECGGating.X\OutFcns.c
               writeState   0x001086    program     extern C:\Users\Public\Documents\ECGGating.X\OutFcns.c
                writeTime   0x00112a    program     extern C:\Users\Public\Documents\ECGGating.X\OutFcns.c
                writeVolt   0x0010b4    program     extern C:\Users\Public\Documents\ECGGating.X\OutFcns.c
               zero_block   0x001616    program     static E:\3.46\pic18-lt\cxx-framework\src\traditional\proc\p18f46k22.asm
                   ADCON0   0x000fc2       data     extern E:\3.46\pic18-lt\cxx-framework\src\traditional\proc\p18f46k22.asm
               ADCON0bits   0x000fc2       data     extern E:\3.46\pic18-lt\cxx-framework\src\traditional\proc\p18f46k22.asm
                   ADCON1   0x000fc1       data     extern E:\3.46\pic18-lt\cxx-framework\src\traditional\proc\p18f46k22.asm
               ADCON1bits   0x000fc1       data     extern E:\3.46\pic18-lt\cxx-framework\src\traditional\proc\p18f46k22.asm
                   ADCON2   0x000fc0       data     extern E:\3.46\pic18-lt\cxx-framework\src\traditional\proc\p18f46k22.asm
               ADCON2bits   0x000fc0       data     extern E:\3.46\pic18-lt\cxx-framework\src\traditional\proc\p18f46k22.asm
                    ADRES   0x000fc3       data     extern E:\3.46\pic18-lt\cxx-framework\src\traditional\proc\p18f46k22.asm
                   ADRESH   0x000fc4       data     extern E:\3.46\pic18-lt\cxx-framework\src\traditional\proc\p18f46k22.asm
                   ADRESL   0x000fc3       data     extern E:\3.46\pic18-lt\cxx-framework\src\traditional\proc\p18f46k22.asm
                   ANSELA   0x000f38       data     extern E:\3.46\pic18-lt\cxx-framework\src\traditional\proc\p18f46k22.asm
               ANSELAbits   0x000f38       data     extern E:\3.46\pic18-lt\cxx-framework\src\traditional\proc\p18f46k22.asm
                   ANSELB   0x000f39       data     extern E:\3.46\pic18-lt\cxx-framework\src\traditional\proc\p18f46k22.asm
               ANSELBbits   0x000f39       data     extern E:\3.46\pic18-lt\cxx-framework\src\traditional\proc\p18f46k22.asm
                   ANSELC   0x000f3a       data     extern E:\3.46\pic18-lt\cxx-framework\src\traditional\proc\p18f46k22.asm
               ANSELCbits   0x000f3a       data     extern E:\3.46\pic18-lt\cxx-framework\src\traditional\proc\p18f46k22.asm
                   ANSELD   0x000f3b       data     extern E:\3.46\pic18-lt\cxx-framework\src\traditional\proc\p18f46k22.asm
               ANSELDbits   0x000f3b       data     extern E:\3.46\pic18-lt\cxx-framework\src\traditional\proc\p18f46k22.asm
                   ANSELE   0x000f3c       data     extern E:\3.46\pic18-lt\cxx-framework\src\traditional\proc\p18f46k22.asm
               ANSELEbits   0x000f3c       data     extern E:\3.46\pic18-lt\cxx-framework\src\traditional\proc\p18f46k22.asm
                 BAUD1CON   0x000fb8       data     extern E:\3.46\pic18-lt\cxx-framework\src\traditional\proc\p18f46k22.asm
             BAUD1CONbits   0x000fb8       data     extern E:\3.46\pic18-lt\cxx-framework\src\traditional\proc\p18f46k22.asm
                 BAUD2CON   0x000f70       data     extern E:\3.46\pic18-lt\cxx-framework\src\traditional\proc\p18f46k22.asm
             BAUD2CONbits   0x000f70       data     extern E:\3.46\pic18-lt\cxx-framework\src\traditional\proc\p18f46k22.asm
                  BAUDCON   0x000fb8       data     extern E:\3.46\pic18-lt\cxx-framework\src\traditional\proc\p18f46k22.asm
                 BAUDCON1   0x000fb8       data     extern E:\3.46\pic18-lt\cxx-framework\src\traditional\proc\p18f46k22.asm
             BAUDCON1bits   0x000fb8       data     extern E:\3.46\pic18-lt\cxx-framework\src\traditional\proc\p18f46k22.asm
                 BAUDCON2   0x000f70       data     extern E:\3.46\pic18-lt\cxx-framework\src\traditional\proc\p18f46k22.asm
             BAUDCON2bits   0x000f70       data     extern E:\3.46\pic18-lt\cxx-framework\src\traditional\proc\p18f46k22.asm
              BAUDCONbits   0x000fb8       data     extern E:\3.46\pic18-lt\cxx-framework\src\traditional\proc\p18f46k22.asm
                  BAUDCTL   0x000fb8       data     extern E:\3.46\pic18-lt\cxx-framework\src\traditional\proc\p18f46k22.asm
              BAUDCTLbits   0x000fb8       data     extern E:\3.46\pic18-lt\cxx-framework\src\traditional\proc\p18f46k22.asm
                      BSR   0x000fe0       data     extern E:\3.46\pic18-lt\cxx-framework\src\traditional\proc\p18f46k22.asm
                  CCP1CON   0x000fbd       data     extern E:\3.46\pic18-lt\cxx-framework\src\traditional\proc\p18f46k22.asm
              CCP1CONbits   0x000fbd       data     extern E:\3.46\pic18-lt\cxx-framework\src\traditional\proc\p18f46k22.asm
                   CCP2AS   0x000f64       data     extern E:\3.46\pic18-lt\cxx-framework\src\traditional\proc\p18f46k22.asm
               CCP2ASbits   0x000f64       data     extern E:\3.46\pic18-lt\cxx-framework\src\traditional\proc\p18f46k22.asm
                  CCP2CON   0x000f66       data     extern E:\3.46\pic18-lt\cxx-framework\src\traditional\proc\p18f46k22.asm
              CCP2CONbits   0x000f66       data     extern E:\3.46\pic18-lt\cxx-framework\src\traditional\proc\p18f46k22.asm
                   CCP3AS   0x000f5b       data     extern E:\3.46\pic18-lt\cxx-framework\src\traditional\proc\p18f46k22.asm
               CCP3ASbits   0x000f5b       data     extern E:\3.46\pic18-lt\cxx-framework\src\traditional\proc\p18f46k22.asm
                  CCP3CON   0x000f5d       data     extern E:\3.46\pic18-lt\cxx-framework\src\traditional\proc\p18f46k22.asm
              CCP3CONbits   0x000f5d       data     extern E:\3.46\pic18-lt\cxx-framework\src\traditional\proc\p18f46k22.asm
                  CCP4CON   0x000f57       data     extern E:\3.46\pic18-lt\cxx-framework\src\traditional\proc\p18f46k22.asm
              CCP4CONbits   0x000f57       data     extern E:\3.46\pic18-lt\cxx-framework\src\traditional\proc\p18f46k22.asm
                  CCP5CON   0x000f54       data     extern E:\3.46\pic18-lt\cxx-framework\src\traditional\proc\p18f46k22.asm
              CCP5CONbits   0x000f54       data     extern E:\3.46\pic18-lt\cxx-framework\src\traditional\proc\p18f46k22.asm
                    CCPR1   0x000fbe       data     extern E:\3.46\pic18-lt\cxx-framework\src\traditional\proc\p18f46k22.asm
                   CCPR1H   0x000fbf       data     extern E:\3.46\pic18-lt\cxx-framework\src\traditional\proc\p18f46k22.asm
                   CCPR1L   0x000fbe       data     extern E:\3.46\pic18-lt\cxx-framework\src\traditional\proc\p18f46k22.asm
                    CCPR2   0x000f67       data     extern E:\3.46\pic18-lt\cxx-framework\src\traditional\proc\p18f46k22.asm
                   CCPR2H   0x000f68       data     extern E:\3.46\pic18-lt\cxx-framework\src\traditional\proc\p18f46k22.asm
                   CCPR2L   0x000f67       data     extern E:\3.46\pic18-lt\cxx-framework\src\traditional\proc\p18f46k22.asm
                    CCPR3   0x000f5e       data     extern E:\3.46\pic18-lt\cxx-framework\src\traditional\proc\p18f46k22.asm
                   CCPR3H   0x000f5f       data     extern E:\3.46\pic18-lt\cxx-framework\src\traditional\proc\p18f46k22.asm
                   CCPR3L   0x000f5e       data     extern E:\3.46\pic18-lt\cxx-framework\src\traditional\proc\p18f46k22.asm
                    CCPR4   0x000f58       data     extern E:\3.46\pic18-lt\cxx-framework\src\traditional\proc\p18f46k22.asm
                   CCPR4H   0x000f59       data     extern E:\3.46\pic18-lt\cxx-framework\src\traditional\proc\p18f46k22.asm
                   CCPR4L   0x000f58       data     extern E:\3.46\pic18-lt\cxx-framework\src\traditional\proc\p18f46k22.asm
                    CCPR5   0x000f55       data     extern E:\3.46\pic18-lt\cxx-framework\src\traditional\proc\p18f46k22.asm
                   CCPR5H   0x000f56       data     extern E:\3.46\pic18-lt\cxx-framework\src\traditional\proc\p18f46k22.asm
                   CCPR5L   0x000f55       data     extern E:\3.46\pic18-lt\cxx-framework\src\traditional\proc\p18f46k22.asm
                 CCPTMRS0   0x000f49       data     extern E:\3.46\pic18-lt\cxx-framework\src\traditional\proc\p18f46k22.asm
             CCPTMRS0bits   0x000f49       data     extern E:\3.46\pic18-lt\cxx-framework\src\traditional\proc\p18f46k22.asm
                 CCPTMRS1   0x000f48       data     extern E:\3.46\pic18-lt\cxx-framework\src\traditional\proc\p18f46k22.asm
             CCPTMRS1bits   0x000f48       data     extern E:\3.46\pic18-lt\cxx-framework\src\traditional\proc\p18f46k22.asm
                  CM12CON   0x000f77       data     extern E:\3.46\pic18-lt\cxx-framework\src\traditional\proc\p18f46k22.asm
              CM12CONbits   0x000f77       data     extern E:\3.46\pic18-lt\cxx-framework\src\traditional\proc\p18f46k22.asm
                   CM1CON   0x000f79       data     extern E:\3.46\pic18-lt\cxx-framework\src\traditional\proc\p18f46k22.asm
                  CM1CON0   0x000f79       data     extern E:\3.46\pic18-lt\cxx-framework\src\traditional\proc\p18f46k22.asm
              CM1CON0bits   0x000f79       data     extern E:\3.46\pic18-lt\cxx-framework\src\traditional\proc\p18f46k22.asm
               CM1CONbits   0x000f79       data     extern E:\3.46\pic18-lt\cxx-framework\src\traditional\proc\p18f46k22.asm
                   CM2CON   0x000f78       data     extern E:\3.46\pic18-lt\cxx-framework\src\traditional\proc\p18f46k22.asm
                  CM2CON0   0x000f78       data     extern E:\3.46\pic18-lt\cxx-framework\src\traditional\proc\p18f46k22.asm
              CM2CON0bits   0x000f78       data     extern E:\3.46\pic18-lt\cxx-framework\src\traditional\proc\p18f46k22.asm
                  CM2CON1   0x000f77       data     extern E:\3.46\pic18-lt\cxx-framework\src\traditional\proc\p18f46k22.asm
              CM2CON1bits   0x000f77       data     extern E:\3.46\pic18-lt\cxx-framework\src\traditional\proc\p18f46k22.asm
               CM2CONbits   0x000f78       data     extern E:\3.46\pic18-lt\cxx-framework\src\traditional\proc\p18f46k22.asm
                 CTMUCON0   0x000f45       data     extern E:\3.46\pic18-lt\cxx-framework\src\traditional\proc\p18f46k22.asm
             CTMUCON0bits   0x000f45       data     extern E:\3.46\pic18-lt\cxx-framework\src\traditional\proc\p18f46k22.asm
                 CTMUCON1   0x000f44       data     extern E:\3.46\pic18-lt\cxx-framework\src\traditional\proc\p18f46k22.asm
             CTMUCON1bits   0x000f44       data     extern E:\3.46\pic18-lt\cxx-framework\src\traditional\proc\p18f46k22.asm
                 CTMUCONH   0x000f45       data     extern E:\3.46\pic18-lt\cxx-framework\src\traditional\proc\p18f46k22.asm
             CTMUCONHbits   0x000f45       data     extern E:\3.46\pic18-lt\cxx-framework\src\traditional\proc\p18f46k22.asm
                 CTMUCONL   0x000f44       data     extern E:\3.46\pic18-lt\cxx-framework\src\traditional\proc\p18f46k22.asm
             CTMUCONLbits   0x000f44       data     extern E:\3.46\pic18-lt\cxx-framework\src\traditional\proc\p18f46k22.asm
                 CTMUICON   0x000f43       data     extern E:\3.46\pic18-lt\cxx-framework\src\traditional\proc\p18f46k22.asm
                CTMUICONH   0x000f43       data     extern E:\3.46\pic18-lt\cxx-framework\src\traditional\proc\p18f46k22.asm
            CTMUICONHbits   0x000f43       data     extern E:\3.46\pic18-lt\cxx-framework\src\traditional\proc\p18f46k22.asm
             CTMUICONbits   0x000f43       data     extern E:\3.46\pic18-lt\cxx-framework\src\traditional\proc\p18f46k22.asm
                  DACCON0   0x000f41       data     extern E:\3.46\pic18-lt\cxx-framework\src\traditional\proc\p18f46k22.asm
              DACCON0bits   0x000f41       data     extern E:\3.46\pic18-lt\cxx-framework\src\traditional\proc\p18f46k22.asm
                  DACCON1   0x000f40       data     extern E:\3.46\pic18-lt\cxx-framework\src\traditional\proc\p18f46k22.asm
              DACCON1bits   0x000f40       data     extern E:\3.46\pic18-lt\cxx-framework\src\traditional\proc\p18f46k22.asm
                     DDRA   0x000f92       data     extern E:\3.46\pic18-lt\cxx-framework\src\traditional\proc\p18f46k22.asm
                 DDRAbits   0x000f92       data     extern E:\3.46\pic18-lt\cxx-framework\src\traditional\proc\p18f46k22.asm
                     DDRB   0x000f93       data     extern E:\3.46\pic18-lt\cxx-framework\src\traditional\proc\p18f46k22.asm
                 DDRBbits   0x000f93       data     extern E:\3.46\pic18-lt\cxx-framework\src\traditional\proc\p18f46k22.asm
                     DDRC   0x000f94       data     extern E:\3.46\pic18-lt\cxx-framework\src\traditional\proc\p18f46k22.asm
                 DDRCbits   0x000f94       data     extern E:\3.46\pic18-lt\cxx-framework\src\traditional\proc\p18f46k22.asm
                     DDRD   0x000f95       data     extern E:\3.46\pic18-lt\cxx-framework\src\traditional\proc\p18f46k22.asm
                 DDRDbits   0x000f95       data     extern E:\3.46\pic18-lt\cxx-framework\src\traditional\proc\p18f46k22.asm
                     DDRE   0x000f96       data     extern E:\3.46\pic18-lt\cxx-framework\src\traditional\proc\p18f46k22.asm
                 DDREbits   0x000f96       data     extern E:\3.46\pic18-lt\cxx-framework\src\traditional\proc\p18f46k22.asm
            DelayCounter1   0x00001c       data     extern E:\3.46\pic18-lt\cxx-framework\src\traditional\delays\delayd1.asm
            DelayCounter2   0x00001b       data     extern E:\3.46\pic18-lt\cxx-framework\src\traditional\delays\delayd2.asm
                  ECCP1AS   0x000fb6       data     extern E:\3.46\pic18-lt\cxx-framework\src\traditional\proc\p18f46k22.asm
              ECCP1ASbits   0x000fb6       data     extern E:\3.46\pic18-lt\cxx-framework\src\traditional\proc\p18f46k22.asm
                  ECCP2AS   0x000f64       data     extern E:\3.46\pic18-lt\cxx-framework\src\traditional\proc\p18f46k22.asm
              ECCP2ASbits   0x000f64       data     extern E:\3.46\pic18-lt\cxx-framework\src\traditional\proc\p18f46k22.asm
                  ECCP3AS   0x000f5b       data     extern E:\3.46\pic18-lt\cxx-framework\src\traditional\proc\p18f46k22.asm
              ECCP3ASbits   0x000f5b       data     extern E:\3.46\pic18-lt\cxx-framework\src\traditional\proc\p18f46k22.asm
                   ECCPAS   0x000fb6       data     extern E:\3.46\pic18-lt\cxx-framework\src\traditional\proc\p18f46k22.asm
               ECCPASbits   0x000fb6       data     extern E:\3.46\pic18-lt\cxx-framework\src\traditional\proc\p18f46k22.asm
                 ECGState   0x000f1d       data     extern C:\Users\Public\Documents\ECGGating.X\main.c
                    EEADR   0x000fa9       data     extern E:\3.46\pic18-lt\cxx-framework\src\traditional\proc\p18f46k22.asm
                   EEADRH   0x000faa       data     extern E:\3.46\pic18-lt\cxx-framework\src\traditional\proc\p18f46k22.asm
               EEADRHbits   0x000faa       data     extern E:\3.46\pic18-lt\cxx-framework\src\traditional\proc\p18f46k22.asm
                EEADRbits   0x000fa9       data     extern E:\3.46\pic18-lt\cxx-framework\src\traditional\proc\p18f46k22.asm
                   EECON1   0x000fa6       data     extern E:\3.46\pic18-lt\cxx-framework\src\traditional\proc\p18f46k22.asm
               EECON1bits   0x000fa6       data     extern E:\3.46\pic18-lt\cxx-framework\src\traditional\proc\p18f46k22.asm
                   EECON2   0x000fa7       data     extern E:\3.46\pic18-lt\cxx-framework\src\traditional\proc\p18f46k22.asm
                   EEDATA   0x000fa8       data     extern E:\3.46\pic18-lt\cxx-framework\src\traditional\proc\p18f46k22.asm
                     FSR0   0x000fe9       data     extern E:\3.46\pic18-lt\cxx-framework\src\traditional\proc\p18f46k22.asm
                    FSR0H   0x000fea       data     extern E:\3.46\pic18-lt\cxx-framework\src\traditional\proc\p18f46k22.asm
                    FSR0L   0x000fe9       data     extern E:\3.46\pic18-lt\cxx-framework\src\traditional\proc\p18f46k22.asm
                     FSR1   0x000fe1       data     extern E:\3.46\pic18-lt\cxx-framework\src\traditional\proc\p18f46k22.asm
                    FSR1H   0x000fe2       data     extern E:\3.46\pic18-lt\cxx-framework\src\traditional\proc\p18f46k22.asm
                    FSR1L   0x000fe1       data     extern E:\3.46\pic18-lt\cxx-framework\src\traditional\proc\p18f46k22.asm
                     FSR2   0x000fd9       data     extern E:\3.46\pic18-lt\cxx-framework\src\traditional\proc\p18f46k22.asm
                    FSR2H   0x000fda       data     extern E:\3.46\pic18-lt\cxx-framework\src\traditional\proc\p18f46k22.asm
                    FSR2L   0x000fd9       data     extern E:\3.46\pic18-lt\cxx-framework\src\traditional\proc\p18f46k22.asm
                   FVRCON   0x000f42       data     extern E:\3.46\pic18-lt\cxx-framework\src\traditional\proc\p18f46k22.asm
               FVRCONbits   0x000f42       data     extern E:\3.46\pic18-lt\cxx-framework\src\traditional\proc\p18f46k22.asm
                GateState   0x000f1e       data     extern C:\Users\Public\Documents\ECGGating.X\main.c
                  HLVDCON   0x000f9c       data     extern E:\3.46\pic18-lt\cxx-framework\src\traditional\proc\p18f46k22.asm
              HLVDCONbits   0x000f9c       data     extern E:\3.46\pic18-lt\cxx-framework\src\traditional\proc\p18f46k22.asm
                    INDF0   0x000fef       data     extern E:\3.46\pic18-lt\cxx-framework\src\traditional\proc\p18f46k22.asm
                    INDF1   0x000fe7       data     extern E:\3.46\pic18-lt\cxx-framework\src\traditional\proc\p18f46k22.asm
                    INDF2   0x000fdf       data     extern E:\3.46\pic18-lt\cxx-framework\src\traditional\proc\p18f46k22.asm
                   INTCON   0x000ff2       data     extern E:\3.46\pic18-lt\cxx-framework\src\traditional\proc\p18f46k22.asm
                  INTCON2   0x000ff1       data     extern E:\3.46\pic18-lt\cxx-framework\src\traditional\proc\p18f46k22.asm
              INTCON2bits   0x000ff1       data     extern E:\3.46\pic18-lt\cxx-framework\src\traditional\proc\p18f46k22.asm
                  INTCON3   0x000ff0       data     extern E:\3.46\pic18-lt\cxx-framework\src\traditional\proc\p18f46k22.asm
              INTCON3bits   0x000ff0       data     extern E:\3.46\pic18-lt\cxx-framework\src\traditional\proc\p18f46k22.asm
               INTCONbits   0x000ff2       data     extern E:\3.46\pic18-lt\cxx-framework\src\traditional\proc\p18f46k22.asm
                     IOCB   0x000f62       data     extern E:\3.46\pic18-lt\cxx-framework\src\traditional\proc\p18f46k22.asm
                 IOCBbits   0x000f62       data     extern E:\3.46\pic18-lt\cxx-framework\src\traditional\proc\p18f46k22.asm
                     IPR1   0x000f9f       data     extern E:\3.46\pic18-lt\cxx-framework\src\traditional\proc\p18f46k22.asm
                 IPR1bits   0x000f9f       data     extern E:\3.46\pic18-lt\cxx-framework\src\traditional\proc\p18f46k22.asm
                     IPR2   0x000fa2       data     extern E:\3.46\pic18-lt\cxx-framework\src\traditional\proc\p18f46k22.asm
                 IPR2bits   0x000fa2       data     extern E:\3.46\pic18-lt\cxx-framework\src\traditional\proc\p18f46k22.asm
                     IPR3   0x000fa5       data     extern E:\3.46\pic18-lt\cxx-framework\src\traditional\proc\p18f46k22.asm
                 IPR3bits   0x000fa5       data     extern E:\3.46\pic18-lt\cxx-framework\src\traditional\proc\p18f46k22.asm
                     IPR4   0x000f7c       data     extern E:\3.46\pic18-lt\cxx-framework\src\traditional\proc\p18f46k22.asm
                 IPR4bits   0x000f7c       data     extern E:\3.46\pic18-lt\cxx-framework\src\traditional\proc\p18f46k22.asm
                     IPR5   0x000f7f       data     extern E:\3.46\pic18-lt\cxx-framework\src\traditional\proc\p18f46k22.asm
                 IPR5bits   0x000f7f       data     extern E:\3.46\pic18-lt\cxx-framework\src\traditional\proc\p18f46k22.asm
                     LATA   0x000f89       data     extern E:\3.46\pic18-lt\cxx-framework\src\traditional\proc\p18f46k22.asm
                 LATAbits   0x000f89       data     extern E:\3.46\pic18-lt\cxx-framework\src\traditional\proc\p18f46k22.asm
                     LATB   0x000f8a       data     extern E:\3.46\pic18-lt\cxx-framework\src\traditional\proc\p18f46k22.asm
                 LATBbits   0x000f8a       data     extern E:\3.46\pic18-lt\cxx-framework\src\traditional\proc\p18f46k22.asm
                     LATC   0x000f8b       data     extern E:\3.46\pic18-lt\cxx-framework\src\traditional\proc\p18f46k22.asm
                 LATCbits   0x000f8b       data     extern E:\3.46\pic18-lt\cxx-framework\src\traditional\proc\p18f46k22.asm
                     LATD   0x000f8c       data     extern E:\3.46\pic18-lt\cxx-framework\src\traditional\proc\p18f46k22.asm
                 LATDbits   0x000f8c       data     extern E:\3.46\pic18-lt\cxx-framework\src\traditional\proc\p18f46k22.asm
                     LATE   0x000f8d       data     extern E:\3.46\pic18-lt\cxx-framework\src\traditional\proc\p18f46k22.asm
                 LATEbits   0x000f8d       data     extern E:\3.46\pic18-lt\cxx-framework\src\traditional\proc\p18f46k22.asm
                   LVDCON   0x000f9c       data     extern E:\3.46\pic18-lt\cxx-framework\src\traditional\proc\p18f46k22.asm
               LVDCONbits   0x000f9c       data     extern E:\3.46\pic18-lt\cxx-framework\src\traditional\proc\p18f46k22.asm
                   OSCCON   0x000fd3       data     extern E:\3.46\pic18-lt\cxx-framework\src\traditional\proc\p18f46k22.asm
                  OSCCON2   0x000fd2       data     extern E:\3.46\pic18-lt\cxx-framework\src\traditional\proc\p18f46k22.asm
              OSCCON2bits   0x000fd2       data     extern E:\3.46\pic18-lt\cxx-framework\src\traditional\proc\p18f46k22.asm
               OSCCONbits   0x000fd3       data     extern E:\3.46\pic18-lt\cxx-framework\src\traditional\proc\p18f46k22.asm
                  OSCTUNE   0x000f9b       data     extern E:\3.46\pic18-lt\cxx-framework\src\traditional\proc\p18f46k22.asm
              OSCTUNEbits   0x000f9b       data     extern E:\3.46\pic18-lt\cxx-framework\src\traditional\proc\p18f46k22.asm
                       PC   0x000ff9       data     extern E:\3.46\pic18-lt\cxx-framework\src\traditional\proc\p18f46k22.asm
                      PCL   0x000ff9       data     extern E:\3.46\pic18-lt\cxx-framework\src\traditional\proc\p18f46k22.asm
                   PCLATH   0x000ffa       data     extern E:\3.46\pic18-lt\cxx-framework\src\traditional\proc\p18f46k22.asm
                   PCLATU   0x000ffb       data     extern E:\3.46\pic18-lt\cxx-framework\src\traditional\proc\p18f46k22.asm
                     PIE1   0x000f9d       data     extern E:\3.46\pic18-lt\cxx-framework\src\traditional\proc\p18f46k22.asm
                 PIE1bits   0x000f9d       data     extern E:\3.46\pic18-lt\cxx-framework\src\traditional\proc\p18f46k22.asm
                     PIE2   0x000fa0       data     extern E:\3.46\pic18-lt\cxx-framework\src\traditional\proc\p18f46k22.asm
                 PIE2bits   0x000fa0       data     extern E:\3.46\pic18-lt\cxx-framework\src\traditional\proc\p18f46k22.asm
                     PIE3   0x000fa3       data     extern E:\3.46\pic18-lt\cxx-framework\src\traditional\proc\p18f46k22.asm
                 PIE3bits   0x000fa3       data     extern E:\3.46\pic18-lt\cxx-framework\src\traditional\proc\p18f46k22.asm
                     PIE4   0x000f7a       data     extern E:\3.46\pic18-lt\cxx-framework\src\traditional\proc\p18f46k22.asm
                 PIE4bits   0x000f7a       data     extern E:\3.46\pic18-lt\cxx-framework\src\traditional\proc\p18f46k22.asm
                     PIE5   0x000f7d       data     extern E:\3.46\pic18-lt\cxx-framework\src\traditional\proc\p18f46k22.asm
                 PIE5bits   0x000f7d       data     extern E:\3.46\pic18-lt\cxx-framework\src\traditional\proc\p18f46k22.asm
                     PIR1   0x000f9e       data     extern E:\3.46\pic18-lt\cxx-framework\src\traditional\proc\p18f46k22.asm
                 PIR1bits   0x000f9e       data     extern E:\3.46\pic18-lt\cxx-framework\src\traditional\proc\p18f46k22.asm
                     PIR2   0x000fa1       data     extern E:\3.46\pic18-lt\cxx-framework\src\traditional\proc\p18f46k22.asm
                 PIR2bits   0x000fa1       data     extern E:\3.46\pic18-lt\cxx-framework\src\traditional\proc\p18f46k22.asm
                     PIR3   0x000fa4       data     extern E:\3.46\pic18-lt\cxx-framework\src\traditional\proc\p18f46k22.asm
                 PIR3bits   0x000fa4       data     extern E:\3.46\pic18-lt\cxx-framework\src\traditional\proc\p18f46k22.asm
                     PIR4   0x000f7b       data     extern E:\3.46\pic18-lt\cxx-framework\src\traditional\proc\p18f46k22.asm
                 PIR4bits   0x000f7b       data     extern E:\3.46\pic18-lt\cxx-framework\src\traditional\proc\p18f46k22.asm
                     PIR5   0x000f7e       data     extern E:\3.46\pic18-lt\cxx-framework\src\traditional\proc\p18f46k22.asm
                 PIR5bits   0x000f7e       data     extern E:\3.46\pic18-lt\cxx-framework\src\traditional\proc\p18f46k22.asm
                   PLUSW0   0x000feb       data     extern E:\3.46\pic18-lt\cxx-framework\src\traditional\proc\p18f46k22.asm
                   PLUSW1   0x000fe3       data     extern E:\3.46\pic18-lt\cxx-framework\src\traditional\proc\p18f46k22.asm
                   PLUSW2   0x000fdb       data     extern E:\3.46\pic18-lt\cxx-framework\src\traditional\proc\p18f46k22.asm
                     PMD0   0x000f3f       data     extern E:\3.46\pic18-lt\cxx-framework\src\traditional\proc\p18f46k22.asm
                 PMD0bits   0x000f3f       data     extern E:\3.46\pic18-lt\cxx-framework\src\traditional\proc\p18f46k22.asm
                     PMD1   0x000f3e       data     extern E:\3.46\pic18-lt\cxx-framework\src\traditional\proc\p18f46k22.asm
                 PMD1bits   0x000f3e       data     extern E:\3.46\pic18-lt\cxx-framework\src\traditional\proc\p18f46k22.asm
                     PMD2   0x000f3d       data     extern E:\3.46\pic18-lt\cxx-framework\src\traditional\proc\p18f46k22.asm
                 PMD2bits   0x000f3d       data     extern E:\3.46\pic18-lt\cxx-framework\src\traditional\proc\p18f46k22.asm
                    PORTA   0x000f80       data     extern E:\3.46\pic18-lt\cxx-framework\src\traditional\proc\p18f46k22.asm
                PORTAbits   0x000f80       data     extern E:\3.46\pic18-lt\cxx-framework\src\traditional\proc\p18f46k22.asm
                    PORTB   0x000f81       data     extern E:\3.46\pic18-lt\cxx-framework\src\traditional\proc\p18f46k22.asm
                PORTBbits   0x000f81       data     extern E:\3.46\pic18-lt\cxx-framework\src\traditional\proc\p18f46k22.asm
                    PORTC   0x000f82       data     extern E:\3.46\pic18-lt\cxx-framework\src\traditional\proc\p18f46k22.asm
                PORTCbits   0x000f82       data     extern E:\3.46\pic18-lt\cxx-framework\src\traditional\proc\p18f46k22.asm
                    PORTD   0x000f83       data     extern E:\3.46\pic18-lt\cxx-framework\src\traditional\proc\p18f46k22.asm
                PORTDbits   0x000f83       data     extern E:\3.46\pic18-lt\cxx-framework\src\traditional\proc\p18f46k22.asm
                    PORTE   0x000f84       data     extern E:\3.46\pic18-lt\cxx-framework\src\traditional\proc\p18f46k22.asm
                PORTEbits   0x000f84       data     extern E:\3.46\pic18-lt\cxx-framework\src\traditional\proc\p18f46k22.asm
                 POSTDEC0   0x000fed       data     extern E:\3.46\pic18-lt\cxx-framework\src\traditional\proc\p18f46k22.asm
                 POSTDEC1   0x000fe5       data     extern E:\3.46\pic18-lt\cxx-framework\src\traditional\proc\p18f46k22.asm
                 POSTDEC2   0x000fdd       data     extern E:\3.46\pic18-lt\cxx-framework\src\traditional\proc\p18f46k22.asm
                 POSTINC0   0x000fee       data     extern E:\3.46\pic18-lt\cxx-framework\src\traditional\proc\p18f46k22.asm
                 POSTINC1   0x000fe6       data     extern E:\3.46\pic18-lt\cxx-framework\src\traditional\proc\p18f46k22.asm
                 POSTINC2   0x000fde       data     extern E:\3.46\pic18-lt\cxx-framework\src\traditional\proc\p18f46k22.asm
                      PR2   0x000fbb       data     extern E:\3.46\pic18-lt\cxx-framework\src\traditional\proc\p18f46k22.asm
                      PR4   0x000f52       data     extern E:\3.46\pic18-lt\cxx-framework\src\traditional\proc\p18f46k22.asm
                      PR6   0x000f4b       data     extern E:\3.46\pic18-lt\cxx-framework\src\traditional\proc\p18f46k22.asm
                  PREINC0   0x000fec       data     extern E:\3.46\pic18-lt\cxx-framework\src\traditional\proc\p18f46k22.asm
                  PREINC1   0x000fe4       data     extern E:\3.46\pic18-lt\cxx-framework\src\traditional\proc\p18f46k22.asm
                  PREINC2   0x000fdc       data     extern E:\3.46\pic18-lt\cxx-framework\src\traditional\proc\p18f46k22.asm
                     PROD   0x000ff3       data     extern E:\3.46\pic18-lt\cxx-framework\src\traditional\proc\p18f46k22.asm
                    PRODH   0x000ff4       data     extern E:\3.46\pic18-lt\cxx-framework\src\traditional\proc\p18f46k22.asm
                    PRODL   0x000ff3       data     extern E:\3.46\pic18-lt\cxx-framework\src\traditional\proc\p18f46k22.asm
                 PSTR1CON   0x000fb9       data     extern E:\3.46\pic18-lt\cxx-framework\src\traditional\proc\p18f46k22.asm
             PSTR1CONbits   0x000fb9       data     extern E:\3.46\pic18-lt\cxx-framework\src\traditional\proc\p18f46k22.asm
                 PSTR2CON   0x000f63       data     extern E:\3.46\pic18-lt\cxx-framework\src\traditional\proc\p18f46k22.asm
             PSTR2CONbits   0x000f63       data     extern E:\3.46\pic18-lt\cxx-framework\src\traditional\proc\p18f46k22.asm
                 PSTR3CON   0x000f5a       data     extern E:\3.46\pic18-lt\cxx-framework\src\traditional\proc\p18f46k22.asm
             PSTR3CONbits   0x000f5a       data     extern E:\3.46\pic18-lt\cxx-framework\src\traditional\proc\p18f46k22.asm
                  PSTRCON   0x000fb9       data     extern E:\3.46\pic18-lt\cxx-framework\src\traditional\proc\p18f46k22.asm
              PSTRCONbits   0x000fb9       data     extern E:\3.46\pic18-lt\cxx-framework\src\traditional\proc\p18f46k22.asm
                  PWM1CON   0x000fb7       data     extern E:\3.46\pic18-lt\cxx-framework\src\traditional\proc\p18f46k22.asm
              PWM1CONbits   0x000fb7       data     extern E:\3.46\pic18-lt\cxx-framework\src\traditional\proc\p18f46k22.asm
                  PWM2CON   0x000f65       data     extern E:\3.46\pic18-lt\cxx-framework\src\traditional\proc\p18f46k22.asm
              PWM2CONbits   0x000f65       data     extern E:\3.46\pic18-lt\cxx-framework\src\traditional\proc\p18f46k22.asm
                  PWM3CON   0x000f5c       data     extern E:\3.46\pic18-lt\cxx-framework\src\traditional\proc\p18f46k22.asm
              PWM3CONbits   0x000f5c       data     extern E:\3.46\pic18-lt\cxx-framework\src\traditional\proc\p18f46k22.asm
                   PWMCON   0x000fb7       data     extern E:\3.46\pic18-lt\cxx-framework\src\traditional\proc\p18f46k22.asm
               PWMCONbits   0x000fb7       data     extern E:\3.46\pic18-lt\cxx-framework\src\traditional\proc\p18f46k22.asm
                   RC1REG   0x000fae       data     extern E:\3.46\pic18-lt\cxx-framework\src\traditional\proc\p18f46k22.asm
               RC1REGbits   0x000fae       data     extern E:\3.46\pic18-lt\cxx-framework\src\traditional\proc\p18f46k22.asm
                   RC1STA   0x000fab       data     extern E:\3.46\pic18-lt\cxx-framework\src\traditional\proc\p18f46k22.asm
               RC1STAbits   0x000fab       data     extern E:\3.46\pic18-lt\cxx-framework\src\traditional\proc\p18f46k22.asm
                   RC2REG   0x000f74       data     extern E:\3.46\pic18-lt\cxx-framework\src\traditional\proc\p18f46k22.asm
                   RC2STA   0x000f71       data     extern E:\3.46\pic18-lt\cxx-framework\src\traditional\proc\p18f46k22.asm
               RC2STAbits   0x000f71       data     extern E:\3.46\pic18-lt\cxx-framework\src\traditional\proc\p18f46k22.asm
                     RCON   0x000fd0       data     extern E:\3.46\pic18-lt\cxx-framework\src\traditional\proc\p18f46k22.asm
                 RCONbits   0x000fd0       data     extern E:\3.46\pic18-lt\cxx-framework\src\traditional\proc\p18f46k22.asm
                    RCREG   0x000fae       data     extern E:\3.46\pic18-lt\cxx-framework\src\traditional\proc\p18f46k22.asm
                   RCREG1   0x000fae       data     extern E:\3.46\pic18-lt\cxx-framework\src\traditional\proc\p18f46k22.asm
               RCREG1bits   0x000fae       data     extern E:\3.46\pic18-lt\cxx-framework\src\traditional\proc\p18f46k22.asm
                   RCREG2   0x000f74       data     extern E:\3.46\pic18-lt\cxx-framework\src\traditional\proc\p18f46k22.asm
                RCREGbits   0x000fae       data     extern E:\3.46\pic18-lt\cxx-framework\src\traditional\proc\p18f46k22.asm
                    RCSTA   0x000fab       data     extern E:\3.46\pic18-lt\cxx-framework\src\traditional\proc\p18f46k22.asm
                   RCSTA1   0x000fab       data     extern E:\3.46\pic18-lt\cxx-framework\src\traditional\proc\p18f46k22.asm
               RCSTA1bits   0x000fab       data     extern E:\3.46\pic18-lt\cxx-framework\src\traditional\proc\p18f46k22.asm
                   RCSTA2   0x000f71       data     extern E:\3.46\pic18-lt\cxx-framework\src\traditional\proc\p18f46k22.asm
               RCSTA2bits   0x000f71       data     extern E:\3.46\pic18-lt\cxx-framework\src\traditional\proc\p18f46k22.asm
                RCSTAbits   0x000fab       data     extern E:\3.46\pic18-lt\cxx-framework\src\traditional\proc\p18f46k22.asm
                     SIGN   0x00000e       data     extern E:\3.46\pic18-lt\cxx-framework\src\traditional\math\cmath18.asm
                   SLRCON   0x000f60       data     extern E:\3.46\pic18-lt\cxx-framework\src\traditional\proc\p18f46k22.asm
               SLRCONbits   0x000f60       data     extern E:\3.46\pic18-lt\cxx-framework\src\traditional\proc\p18f46k22.asm
                   SP1BRG   0x000faf       data     extern E:\3.46\pic18-lt\cxx-framework\src\traditional\proc\p18f46k22.asm
                  SP1BRGH   0x000fb0       data     extern E:\3.46\pic18-lt\cxx-framework\src\traditional\proc\p18f46k22.asm
              SP1BRGHbits   0x000fb0       data     extern E:\3.46\pic18-lt\cxx-framework\src\traditional\proc\p18f46k22.asm
               SP1BRGbits   0x000faf       data     extern E:\3.46\pic18-lt\cxx-framework\src\traditional\proc\p18f46k22.asm
                   SP2BRG   0x000f75       data     extern E:\3.46\pic18-lt\cxx-framework\src\traditional\proc\p18f46k22.asm
                  SP2BRGH   0x000f76       data     extern E:\3.46\pic18-lt\cxx-framework\src\traditional\proc\p18f46k22.asm
                    SPBRG   0x000faf       data     extern E:\3.46\pic18-lt\cxx-framework\src\traditional\proc\p18f46k22.asm
                   SPBRG1   0x000faf       data     extern E:\3.46\pic18-lt\cxx-framework\src\traditional\proc\p18f46k22.asm
               SPBRG1bits   0x000faf       data     extern E:\3.46\pic18-lt\cxx-framework\src\traditional\proc\p18f46k22.asm
                   SPBRG2   0x000f75       data     extern E:\3.46\pic18-lt\cxx-framework\src\traditional\proc\p18f46k22.asm
                   SPBRGH   0x000fb0       data     extern E:\3.46\pic18-lt\cxx-framework\src\traditional\proc\p18f46k22.asm
                  SPBRGH1   0x000fb0       data     extern E:\3.46\pic18-lt\cxx-framework\src\traditional\proc\p18f46k22.asm
              SPBRGH1bits   0x000fb0       data     extern E:\3.46\pic18-lt\cxx-framework\src\traditional\proc\p18f46k22.asm
                  SPBRGH2   0x000f76       data     extern E:\3.46\pic18-lt\cxx-framework\src\traditional\proc\p18f46k22.asm
               SPBRGHbits   0x000fb0       data     extern E:\3.46\pic18-lt\cxx-framework\src\traditional\proc\p18f46k22.asm
                SPBRGbits   0x000faf       data     extern E:\3.46\pic18-lt\cxx-framework\src\traditional\proc\p18f46k22.asm
                   SRCON0   0x000f47       data     extern E:\3.46\pic18-lt\cxx-framework\src\traditional\proc\p18f46k22.asm
               SRCON0bits   0x000f47       data     extern E:\3.46\pic18-lt\cxx-framework\src\traditional\proc\p18f46k22.asm
                   SRCON1   0x000f46       data     extern E:\3.46\pic18-lt\cxx-framework\src\traditional\proc\p18f46k22.asm
               SRCON1bits   0x000f46       data     extern E:\3.46\pic18-lt\cxx-framework\src\traditional\proc\p18f46k22.asm
                  SSP1ADD   0x000fc8       data     extern E:\3.46\pic18-lt\cxx-framework\src\traditional\proc\p18f46k22.asm
              SSP1ADDbits   0x000fc8       data     extern E:\3.46\pic18-lt\cxx-framework\src\traditional\proc\p18f46k22.asm
                  SSP1BUF   0x000fc9       data     extern E:\3.46\pic18-lt\cxx-framework\src\traditional\proc\p18f46k22.asm
              SSP1BUFbits   0x000fc9       data     extern E:\3.46\pic18-lt\cxx-framework\src\traditional\proc\p18f46k22.asm
                 SSP1CON1   0x000fc6       data     extern E:\3.46\pic18-lt\cxx-framework\src\traditional\proc\p18f46k22.asm
             SSP1CON1bits   0x000fc6       data     extern E:\3.46\pic18-lt\cxx-framework\src\traditional\proc\p18f46k22.asm
                 SSP1CON2   0x000fc5       data     extern E:\3.46\pic18-lt\cxx-framework\src\traditional\proc\p18f46k22.asm
             SSP1CON2bits   0x000fc5       data     extern E:\3.46\pic18-lt\cxx-framework\src\traditional\proc\p18f46k22.asm
                 SSP1CON3   0x000fcb       data     extern E:\3.46\pic18-lt\cxx-framework\src\traditional\proc\p18f46k22.asm
             SSP1CON3bits   0x000fcb       data     extern E:\3.46\pic18-lt\cxx-framework\src\traditional\proc\p18f46k22.asm
                  SSP1MSK   0x000fca       data     extern E:\3.46\pic18-lt\cxx-framework\src\traditional\proc\p18f46k22.asm
              SSP1MSKbits   0x000fca       data     extern E:\3.46\pic18-lt\cxx-framework\src\traditional\proc\p18f46k22.asm
                 SSP1STAT   0x000fc7       data     extern E:\3.46\pic18-lt\cxx-framework\src\traditional\proc\p18f46k22.asm
             SSP1STATbits   0x000fc7       data     extern E:\3.46\pic18-lt\cxx-framework\src\traditional\proc\p18f46k22.asm
                  SSP2ADD   0x000f6e       data     extern E:\3.46\pic18-lt\cxx-framework\src\traditional\proc\p18f46k22.asm
                  SSP2BUF   0x000f6f       data     extern E:\3.46\pic18-lt\cxx-framework\src\traditional\proc\p18f46k22.asm
                 SSP2CON1   0x000f6c       data     extern E:\3.46\pic18-lt\cxx-framework\src\traditional\proc\p18f46k22.asm
             SSP2CON1bits   0x000f6c       data     extern E:\3.46\pic18-lt\cxx-framework\src\traditional\proc\p18f46k22.asm
                 SSP2CON2   0x000f6b       data     extern E:\3.46\pic18-lt\cxx-framework\src\traditional\proc\p18f46k22.asm
             SSP2CON2bits   0x000f6b       data     extern E:\3.46\pic18-lt\cxx-framework\src\traditional\proc\p18f46k22.asm
                 SSP2CON3   0x000f69       data     extern E:\3.46\pic18-lt\cxx-framework\src\traditional\proc\p18f46k22.asm
             SSP2CON3bits   0x000f69       data     extern E:\3.46\pic18-lt\cxx-framework\src\traditional\proc\p18f46k22.asm
                  SSP2MSK   0x000f6a       data     extern E:\3.46\pic18-lt\cxx-framework\src\traditional\proc\p18f46k22.asm
              SSP2MSKbits   0x000f6a       data     extern E:\3.46\pic18-lt\cxx-framework\src\traditional\proc\p18f46k22.asm
                 SSP2STAT   0x000f6d       data     extern E:\3.46\pic18-lt\cxx-framework\src\traditional\proc\p18f46k22.asm
             SSP2STATbits   0x000f6d       data     extern E:\3.46\pic18-lt\cxx-framework\src\traditional\proc\p18f46k22.asm
                   SSPADD   0x000fc8       data     extern E:\3.46\pic18-lt\cxx-framework\src\traditional\proc\p18f46k22.asm
               SSPADDbits   0x000fc8       data     extern E:\3.46\pic18-lt\cxx-framework\src\traditional\proc\p18f46k22.asm
                   SSPBUF   0x000fc9       data     extern E:\3.46\pic18-lt\cxx-framework\src\traditional\proc\p18f46k22.asm
               SSPBUFbits   0x000fc9       data     extern E:\3.46\pic18-lt\cxx-framework\src\traditional\proc\p18f46k22.asm
                  SSPCON1   0x000fc6       data     extern E:\3.46\pic18-lt\cxx-framework\src\traditional\proc\p18f46k22.asm
              SSPCON1bits   0x000fc6       data     extern E:\3.46\pic18-lt\cxx-framework\src\traditional\proc\p18f46k22.asm
                  SSPCON2   0x000fc5       data     extern E:\3.46\pic18-lt\cxx-framework\src\traditional\proc\p18f46k22.asm
              SSPCON2bits   0x000fc5       data     extern E:\3.46\pic18-lt\cxx-framework\src\traditional\proc\p18f46k22.asm
                  SSPCON3   0x000fcb       data     extern E:\3.46\pic18-lt\cxx-framework\src\traditional\proc\p18f46k22.asm
              SSPCON3bits   0x000fcb       data     extern E:\3.46\pic18-lt\cxx-framework\src\traditional\proc\p18f46k22.asm
                   SSPMSK   0x000fca       data     extern E:\3.46\pic18-lt\cxx-framework\src\traditional\proc\p18f46k22.asm
               SSPMSKbits   0x000fca       data     extern E:\3.46\pic18-lt\cxx-framework\src\traditional\proc\p18f46k22.asm
                  SSPSTAT   0x000fc7       data     extern E:\3.46\pic18-lt\cxx-framework\src\traditional\proc\p18f46k22.asm
              SSPSTATbits   0x000fc7       data     extern E:\3.46\pic18-lt\cxx-framework\src\traditional\proc\p18f46k22.asm
                   STATUS   0x000fd8       data     extern E:\3.46\pic18-lt\cxx-framework\src\traditional\proc\p18f46k22.asm
               STATUSbits   0x000fd8       data     extern E:\3.46\pic18-lt\cxx-framework\src\traditional\proc\p18f46k22.asm
                   STKPTR   0x000ffc       data     extern E:\3.46\pic18-lt\cxx-framework\src\traditional\proc\p18f46k22.asm
               STKPTRbits   0x000ffc       data     extern E:\3.46\pic18-lt\cxx-framework\src\traditional\proc\p18f46k22.asm
                    T0CON   0x000fd5       data     extern E:\3.46\pic18-lt\cxx-framework\src\traditional\proc\p18f46k22.asm
                T0CONbits   0x000fd5       data     extern E:\3.46\pic18-lt\cxx-framework\src\traditional\proc\p18f46k22.asm
                    T1CON   0x000fcd       data     extern E:\3.46\pic18-lt\cxx-framework\src\traditional\proc\p18f46k22.asm
                T1CONbits   0x000fcd       data     extern E:\3.46\pic18-lt\cxx-framework\src\traditional\proc\p18f46k22.asm
                   T1GCON   0x000fcc       data     extern E:\3.46\pic18-lt\cxx-framework\src\traditional\proc\p18f46k22.asm
               T1GCONbits   0x000fcc       data     extern E:\3.46\pic18-lt\cxx-framework\src\traditional\proc\p18f46k22.asm
                    T2CON   0x000fba       data     extern E:\3.46\pic18-lt\cxx-framework\src\traditional\proc\p18f46k22.asm
                T2CONbits   0x000fba       data     extern E:\3.46\pic18-lt\cxx-framework\src\traditional\proc\p18f46k22.asm
                    T3CON   0x000fb1       data     extern E:\3.46\pic18-lt\cxx-framework\src\traditional\proc\p18f46k22.asm
                T3CONbits   0x000fb1       data     extern E:\3.46\pic18-lt\cxx-framework\src\traditional\proc\p18f46k22.asm
                   T3GCON   0x000fb4       data     extern E:\3.46\pic18-lt\cxx-framework\src\traditional\proc\p18f46k22.asm
               T3GCONbits   0x000fb4       data     extern E:\3.46\pic18-lt\cxx-framework\src\traditional\proc\p18f46k22.asm
                    T4CON   0x000f51       data     extern E:\3.46\pic18-lt\cxx-framework\src\traditional\proc\p18f46k22.asm
                T4CONbits   0x000f51       data     extern E:\3.46\pic18-lt\cxx-framework\src\traditional\proc\p18f46k22.asm
                    T5CON   0x000f4e       data     extern E:\3.46\pic18-lt\cxx-framework\src\traditional\proc\p18f46k22.asm
                T5CONbits   0x000f4e       data     extern E:\3.46\pic18-lt\cxx-framework\src\traditional\proc\p18f46k22.asm
                   T5GCON   0x000f4d       data     extern E:\3.46\pic18-lt\cxx-framework\src\traditional\proc\p18f46k22.asm
               T5GCONbits   0x000f4d       data     extern E:\3.46\pic18-lt\cxx-framework\src\traditional\proc\p18f46k22.asm
                    T6CON   0x000f4a       data     extern E:\3.46\pic18-lt\cxx-framework\src\traditional\proc\p18f46k22.asm
                T6CONbits   0x000f4a       data     extern E:\3.46\pic18-lt\cxx-framework\src\traditional\proc\p18f46k22.asm
                   TABLAT   0x000ff5       data     extern E:\3.46\pic18-lt\cxx-framework\src\traditional\proc\p18f46k22.asm
                   TBLPTR   0x000ff6       data     extern E:\3.46\pic18-lt\cxx-framework\src\traditional\proc\p18f46k22.asm
                  TBLPTRH   0x000ff7       data     extern E:\3.46\pic18-lt\cxx-framework\src\traditional\proc\p18f46k22.asm
                  TBLPTRL   0x000ff6       data     extern E:\3.46\pic18-lt\cxx-framework\src\traditional\proc\p18f46k22.asm
                  TBLPTRU   0x000ff8       data     extern E:\3.46\pic18-lt\cxx-framework\src\traditional\proc\p18f46k22.asm
              TBLPTRUbits   0x000ff8       data     extern E:\3.46\pic18-lt\cxx-framework\src\traditional\proc\p18f46k22.asm
                    TMR0H   0x000fd7       data     extern E:\3.46\pic18-lt\cxx-framework\src\traditional\proc\p18f46k22.asm
                    TMR0L   0x000fd6       data     extern E:\3.46\pic18-lt\cxx-framework\src\traditional\proc\p18f46k22.asm
                    TMR1H   0x000fcf       data     extern E:\3.46\pic18-lt\cxx-framework\src\traditional\proc\p18f46k22.asm
                    TMR1L   0x000fce       data     extern E:\3.46\pic18-lt\cxx-framework\src\traditional\proc\p18f46k22.asm
                     TMR2   0x000fbc       data     extern E:\3.46\pic18-lt\cxx-framework\src\traditional\proc\p18f46k22.asm
                    TMR3H   0x000fb3       data     extern E:\3.46\pic18-lt\cxx-framework\src\traditional\proc\p18f46k22.asm
                    TMR3L   0x000fb2       data     extern E:\3.46\pic18-lt\cxx-framework\src\traditional\proc\p18f46k22.asm
                     TMR4   0x000f53       data     extern E:\3.46\pic18-lt\cxx-framework\src\traditional\proc\p18f46k22.asm
                    TMR5H   0x000f50       data     extern E:\3.46\pic18-lt\cxx-framework\src\traditional\proc\p18f46k22.asm
                    TMR5L   0x000f4f       data     extern E:\3.46\pic18-lt\cxx-framework\src\traditional\proc\p18f46k22.asm
                     TMR6   0x000f4c       data     extern E:\3.46\pic18-lt\cxx-framework\src\traditional\proc\p18f46k22.asm
                      TOS   0x000ffd       data     extern E:\3.46\pic18-lt\cxx-framework\src\traditional\proc\p18f46k22.asm
                     TOSH   0x000ffe       data     extern E:\3.46\pic18-lt\cxx-framework\src\traditional\proc\p18f46k22.asm
                     TOSL   0x000ffd       data     extern E:\3.46\pic18-lt\cxx-framework\src\traditional\proc\p18f46k22.asm
                     TOSU   0x000fff       data     extern E:\3.46\pic18-lt\cxx-framework\src\traditional\proc\p18f46k22.asm
                    TRISA   0x000f92       data     extern E:\3.46\pic18-lt\cxx-framework\src\traditional\proc\p18f46k22.asm
                TRISAbits   0x000f92       data     extern E:\3.46\pic18-lt\cxx-framework\src\traditional\proc\p18f46k22.asm
                    TRISB   0x000f93       data     extern E:\3.46\pic18-lt\cxx-framework\src\traditional\proc\p18f46k22.asm
                TRISBbits   0x000f93       data     extern E:\3.46\pic18-lt\cxx-framework\src\traditional\proc\p18f46k22.asm
                    TRISC   0x000f94       data     extern E:\3.46\pic18-lt\cxx-framework\src\traditional\proc\p18f46k22.asm
                TRISCbits   0x000f94       data     extern E:\3.46\pic18-lt\cxx-framework\src\traditional\proc\p18f46k22.asm
                    TRISD   0x000f95       data     extern E:\3.46\pic18-lt\cxx-framework\src\traditional\proc\p18f46k22.asm
                TRISDbits   0x000f95       data     extern E:\3.46\pic18-lt\cxx-framework\src\traditional\proc\p18f46k22.asm
                    TRISE   0x000f96       data     extern E:\3.46\pic18-lt\cxx-framework\src\traditional\proc\p18f46k22.asm
                TRISEbits   0x000f96       data     extern E:\3.46\pic18-lt\cxx-framework\src\traditional\proc\p18f46k22.asm
                   TX1REG   0x000fad       data     extern E:\3.46\pic18-lt\cxx-framework\src\traditional\proc\p18f46k22.asm
               TX1REGbits   0x000fad       data     extern E:\3.46\pic18-lt\cxx-framework\src\traditional\proc\p18f46k22.asm
                   TX1STA   0x000fac       data     extern E:\3.46\pic18-lt\cxx-framework\src\traditional\proc\p18f46k22.asm
               TX1STAbits   0x000fac       data     extern E:\3.46\pic18-lt\cxx-framework\src\traditional\proc\p18f46k22.asm
                   TX2REG   0x000f73       data     extern E:\3.46\pic18-lt\cxx-framework\src\traditional\proc\p18f46k22.asm
                   TX2STA   0x000f72       data     extern E:\3.46\pic18-lt\cxx-framework\src\traditional\proc\p18f46k22.asm
               TX2STAbits   0x000f72       data     extern E:\3.46\pic18-lt\cxx-framework\src\traditional\proc\p18f46k22.asm
                    TXREG   0x000fad       data     extern E:\3.46\pic18-lt\cxx-framework\src\traditional\proc\p18f46k22.asm
                   TXREG1   0x000fad       data     extern E:\3.46\pic18-lt\cxx-framework\src\traditional\proc\p18f46k22.asm
               TXREG1bits   0x000fad       data     extern E:\3.46\pic18-lt\cxx-framework\src\traditional\proc\p18f46k22.asm
                   TXREG2   0x000f73       data     extern E:\3.46\pic18-lt\cxx-framework\src\traditional\proc\p18f46k22.asm
                TXREGbits   0x000fad       data     extern E:\3.46\pic18-lt\cxx-framework\src\traditional\proc\p18f46k22.asm
                    TXSTA   0x000fac       data     extern E:\3.46\pic18-lt\cxx-framework\src\traditional\proc\p18f46k22.asm
                   TXSTA1   0x000fac       data     extern E:\3.46\pic18-lt\cxx-framework\src\traditional\proc\p18f46k22.asm
               TXSTA1bits   0x000fac       data     extern E:\3.46\pic18-lt\cxx-framework\src\traditional\proc\p18f46k22.asm
                   TXSTA2   0x000f72       data     extern E:\3.46\pic18-lt\cxx-framework\src\traditional\proc\p18f46k22.asm
               TXSTA2bits   0x000f72       data     extern E:\3.46\pic18-lt\cxx-framework\src\traditional\proc\p18f46k22.asm
                TXSTAbits   0x000fac       data     extern E:\3.46\pic18-lt\cxx-framework\src\traditional\proc\p18f46k22.asm
                     Tick   0x000f19       data     extern C:\Users\Public\Documents\ECGGating.X\main.c
                 VREFCON0   0x000f42       data     extern E:\3.46\pic18-lt\cxx-framework\src\traditional\proc\p18f46k22.asm
             VREFCON0bits   0x000f42       data     extern E:\3.46\pic18-lt\cxx-framework\src\traditional\proc\p18f46k22.asm
                 VREFCON1   0x000f41       data     extern E:\3.46\pic18-lt\cxx-framework\src\traditional\proc\p18f46k22.asm
             VREFCON1bits   0x000f41       data     extern E:\3.46\pic18-lt\cxx-framework\src\traditional\proc\p18f46k22.asm
                 VREFCON2   0x000f40       data     extern E:\3.46\pic18-lt\cxx-framework\src\traditional\proc\p18f46k22.asm
             VREFCON2bits   0x000f40       data     extern E:\3.46\pic18-lt\cxx-framework\src\traditional\proc\p18f46k22.asm
                        W   0x000fe8       data     extern E:\3.46\pic18-lt\cxx-framework\src\traditional\proc\p18f46k22.asm
                   WDTCON   0x000fd1       data     extern E:\3.46\pic18-lt\cxx-framework\src\traditional\proc\p18f46k22.asm
               WDTCONbits   0x000fd1       data     extern E:\3.46\pic18-lt\cxx-framework\src\traditional\proc\p18f46k22.asm
                     WPUB   0x000f61       data     extern E:\3.46\pic18-lt\cxx-framework\src\traditional\proc\p18f46k22.asm
                 WPUBbits   0x000f61       data     extern E:\3.46\pic18-lt\cxx-framework\src\traditional\proc\p18f46k22.asm
                     WREG   0x000fe8       data     extern E:\3.46\pic18-lt\cxx-framework\src\traditional\proc\p18f46k22.asm
                 __AARGB0   0x000007       data     extern E:\3.46\pic18-lt\cxx-framework\src\traditional\math\aarg.asm
                 __AARGB1   0x000006       data     extern E:\3.46\pic18-lt\cxx-framework\src\traditional\math\aarg.asm
                 __AARGB2   0x000005       data     extern E:\3.46\pic18-lt\cxx-framework\src\traditional\math\aarg.asm
                 __AARGB3   0x000004       data     extern E:\3.46\pic18-lt\cxx-framework\src\traditional\math\aarg.asm
                 __AARGB4   0x000003       data     extern E:\3.46\pic18-lt\cxx-framework\src\traditional\math\aarg.asm
                 __AARGB5   0x000002       data     extern E:\3.46\pic18-lt\cxx-framework\src\traditional\math\aarg.asm
                 __AARGB6   0x000001       data     extern E:\3.46\pic18-lt\cxx-framework\src\traditional\math\aarg.asm
                 __AARGB7   0x000000       data     extern E:\3.46\pic18-lt\cxx-framework\src\traditional\math\aarg.asm
                   __AEXP   0x000008       data     extern E:\3.46\pic18-lt\cxx-framework\src\traditional\math\aarg.asm
                 __BARGB0   0x00000c       data     extern E:\3.46\pic18-lt\cxx-framework\src\traditional\math\barg.asm
[...]
                    RCREG   0x000fae       data     extern E:\3.46\pic18-lt\cxx-framework\src\traditional\proc\p18f46k22.asm
                   RCREG1   0x000fae       data     extern E:\3.46\pic18-lt\cxx-framework\src\traditional\proc\p18f46k22.asm
               SP1BRGbits   0x000faf       data     extern E:\3.46\pic18-lt\cxx-framework\src\traditional\proc\p18f46k22.asm
                SPBRGbits   0x000faf       data     extern E:\3.46\pic18-lt\cxx-framework\src\traditional\proc\p18f46k22.asm
                    SPBRG   0x000faf       data     extern E:\3.46\pic18-lt\cxx-framework\src\traditional\proc\p18f46k22.asm
                   SP1BRG   0x000faf       data     extern E:\3.46\pic18-lt\cxx-framework\src\traditional\proc\p18f46k22.asm
                   SPBRG1   0x000faf       data     extern E:\3.46\pic18-lt\cxx-framework\src\traditional\proc\p18f46k22.asm
               SPBRG1bits   0x000faf       data     extern E:\3.46\pic18-lt\cxx-framework\src\traditional\proc\p18f46k22.asm
                  SP1BRGH   0x000fb0       data     extern E:\3.46\pic18-lt\cxx-framework\src\traditional\proc\p18f46k22.asm
              SP1BRGHbits   0x000fb0       data     extern E:\3.46\pic18-lt\cxx-framework\src\traditional\proc\p18f46k22.asm
                   SPBRGH   0x000fb0       data     extern E:\3.46\pic18-lt\cxx-framework\src\traditional\proc\p18f46k22.asm
                  SPBRGH1   0x000fb0       data     extern E:\3.46\pic18-lt\cxx-framework\src\traditional\proc\p18f46k22.asm
              SPBRGH1bits   0x000fb0       data     extern E:\3.46\pic18-lt\cxx-framework\src\traditional\proc\p18f46k22.asm
               SPBRGHbits   0x000fb0       data     extern E:\3.46\pic18-lt\cxx-framework\src\traditional\proc\p18f46k22.asm
                T3CONbits   0x000fb1       data     extern E:\3.46\pic18-lt\cxx-framework\src\traditional\proc\p18f46k22.asm
                    T3CON   0x000fb1       data     extern E:\3.46\pic18-lt\cxx-framework\src\traditional\proc\p18f46k22.asm
                    TMR3L   0x000fb2       data     extern E:\3.46\pic18-lt\cxx-framework\src\traditional\proc\p18f46k22.asm
                    TMR3H   0x000fb3       data     extern E:\3.46\pic18-lt\cxx-framework\src\traditional\proc\p18f46k22.asm
                   T3GCON   0x000fb4       data     extern E:\3.46\pic18-lt\cxx-framework\src\traditional\proc\p18f46k22.asm
               T3GCONbits   0x000fb4       data     extern E:\3.46\pic18-lt\cxx-framework\src\traditional\proc\p18f46k22.asm
               ECCPASbits   0x000fb6       data     extern E:\3.46\pic18-lt\cxx-framework\src\traditional\proc\p18f46k22.asm
                   ECCPAS   0x000fb6       data     extern E:\3.46\pic18-lt\cxx-framework\src\traditional\proc\p18f46k22.asm
              ECCP1ASbits   0x000fb6       data     extern E:\3.46\pic18-lt\cxx-framework\src\traditional\proc\p18f46k22.asm
                  ECCP1AS   0x000fb6       data     extern E:\3.46\pic18-lt\cxx-framework\src\traditional\proc\p18f46k22.asm
              PWM1CONbits   0x000fb7       data     extern E:\3.46\pic18-lt\cxx-framework\src\traditional\proc\p18f46k22.asm
                  PWM1CON   0x000fb7       data     extern E:\3.46\pic18-lt\cxx-framework\src\traditional\proc\p18f46k22.asm
                   PWMCON   0x000fb7       data     extern E:\3.46\pic18-lt\cxx-framework\src\traditional\proc\p18f46k22.asm
               PWMCONbits   0x000fb7       data     extern E:\3.46\pic18-lt\cxx-framework\src\traditional\proc\p18f46k22.asm
              BAUDCTLbits   0x000fb8       data     extern E:\3.46\pic18-lt\cxx-framework\src\traditional\proc\p18f46k22.asm
                  BAUDCTL   0x000fb8       data     extern E:\3.46\pic18-lt\cxx-framework\src\traditional\proc\p18f46k22.asm
              BAUDCONbits   0x000fb8       data     extern E:\3.46\pic18-lt\cxx-framework\src\traditional\proc\p18f46k22.asm
             BAUDCON1bits   0x000fb8       data     extern E:\3.46\pic18-lt\cxx-framework\src\traditional\proc\p18f46k22.asm
                 BAUDCON1   0x000fb8       data     extern E:\3.46\pic18-lt\cxx-framework\src\traditional\proc\p18f46k22.asm
                 BAUD1CON   0x000fb8       data     extern E:\3.46\pic18-lt\cxx-framework\src\traditional\proc\p18f46k22.asm
             BAUD1CONbits   0x000fb8       data     extern E:\3.46\pic18-lt\cxx-framework\src\traditional\proc\p18f46k22.asm
                  BAUDCON   0x000fb8       data     extern E:\3.46\pic18-lt\cxx-framework\src\traditional\proc\p18f46k22.asm
             PSTR1CONbits   0x000fb9       data     extern E:\3.46\pic18-lt\cxx-framework\src\traditional\proc\p18f46k22.asm
                  PSTRCON   0x000fb9       data     extern E:\3.46\pic18-lt\cxx-framework\src\traditional\proc\p18f46k22.asm
              PSTRCONbits   0x000fb9       data     extern E:\3.46\pic18-lt\cxx-framework\src\traditional\proc\p18f46k22.asm
                 PSTR1CON   0x000fb9       data     extern E:\3.46\pic18-lt\cxx-framework\src\traditional\proc\p18f46k22.asm
                    T2CON   0x000fba       data     extern E:\3.46\pic18-lt\cxx-framework\src\traditional\proc\p18f46k22.asm
                T2CONbits   0x000fba       data     extern E:\3.46\pic18-lt\cxx-framework\src\traditional\proc\p18f46k22.asm
                      PR2   0x000fbb       data     extern E:\3.46\pic18-lt\cxx-framework\src\traditional\proc\p18f46k22.asm
                     TMR2   0x000fbc       data     extern E:\3.46\pic18-lt\cxx-framework\src\traditional\proc\p18f46k22.asm
              CCP1CONbits   0x000fbd       data     extern E:\3.46\pic18-lt\cxx-framework\src\traditional\proc\p18f46k22.asm
                  CCP1CON   0x000fbd       data     extern E:\3.46\pic18-lt\cxx-framework\src\traditional\proc\p18f46k22.asm
                   CCPR1L   0x000fbe       data     extern E:\3.46\pic18-lt\cxx-framework\src\traditional\proc\p18f46k22.asm
                    CCPR1   0x000fbe       data     extern E:\3.46\pic18-lt\cxx-framework\src\traditional\proc\p18f46k22.asm
                   CCPR1H   0x000fbf       data     extern E:\3.46\pic18-lt\cxx-framework\src\traditional\proc\p18f46k22.asm
                   ADCON2   0x000fc0       data     extern E:\3.46\pic18-lt\cxx-framework\src\traditional\proc\p18f46k22.asm
               ADCON2bits   0x000fc0       data     extern E:\3.46\pic18-lt\cxx-framework\src\traditional\proc\p18f46k22.asm
               ADCON1bits   0x000fc1       data     extern E:\3.46\pic18-lt\cxx-framework\src\traditional\proc\p18f46k22.asm
                   ADCON1   0x000fc1       data     extern E:\3.46\pic18-lt\cxx-framework\src\traditional\proc\p18f46k22.asm
                   ADCON0   0x000fc2       data     extern E:\3.46\pic18-lt\cxx-framework\src\traditional\proc\p18f46k22.asm
               ADCON0bits   0x000fc2       data     extern E:\3.46\pic18-lt\cxx-framework\src\traditional\proc\p18f46k22.asm
                    ADRES   0x000fc3       data     extern E:\3.46\pic18-lt\cxx-framework\src\traditional\proc\p18f46k22.asm
                   ADRESL   0x000fc3       data     extern E:\3.46\pic18-lt\cxx-framework\src\traditional\proc\p18f46k22.asm
                   ADRESH   0x000fc4       data     extern E:\3.46\pic18-lt\cxx-framework\src\traditional\proc\p18f46k22.asm
                  SSPCON2   0x000fc5       data     extern E:\3.46\pic18-lt\cxx-framework\src\traditional\proc\p18f46k22.asm
              SSPCON2bits   0x000fc5       data     extern E:\3.46\pic18-lt\cxx-framework\src\traditional\proc\p18f46k22.asm
             SSP1CON2bits   0x000fc5       data     extern E:\3.46\pic18-lt\cxx-framework\src\traditional\proc\p18f46k22.asm
                 SSP1CON2   0x000fc5       data     extern E:\3.46\pic18-lt\cxx-framework\src\traditional\proc\p18f46k22.asm
              SSPCON1bits   0x000fc6       data     extern E:\3.46\pic18-lt\cxx-framework\src\traditional\proc\p18f46k22.asm
                  SSPCON1   0x000fc6       data     extern E:\3.46\pic18-lt\cxx-framework\src\traditional\proc\p18f46k22.asm
             SSP1CON1bits   0x000fc6       data     extern E:\3.46\pic18-lt\cxx-framework\src\traditional\proc\p18f46k22.asm
                 SSP1CON1   0x000fc6       data     extern E:\3.46\pic18-lt\cxx-framework\src\traditional\proc\p18f46k22.asm
                  SSPSTAT   0x000fc7       data     extern E:\3.46\pic18-lt\cxx-framework\src\traditional\proc\p18f46k22.asm
              SSPSTATbits   0x000fc7       data     extern E:\3.46\pic18-lt\cxx-framework\src\traditional\proc\p18f46k22.asm
                 SSP1STAT   0x000fc7       data     extern E:\3.46\pic18-lt\cxx-framework\src\traditional\proc\p18f46k22.asm
             SSP1STATbits   0x000fc7       data     extern E:\3.46\pic18-lt\cxx-framework\src\traditional\proc\p18f46k22.asm
                  SSP1ADD   0x000fc8       data     extern E:\3.46\pic18-lt\cxx-framework\src\traditional\proc\p18f46k22.asm
              SSP1ADDbits   0x000fc8       data     extern E:\3.46\pic18-lt\cxx-framework\src\traditional\proc\p18f46k22.asm
               SSPADDbits   0x000fc8       data     extern E:\3.46\pic18-lt\cxx-framework\src\traditional\proc\p18f46k22.asm
                   SSPADD   0x000fc8       data     extern E:\3.46\pic18-lt\cxx-framework\src\traditional\proc\p18f46k22.asm
                   SSPBUF   0x000fc9       data     extern E:\3.46\pic18-lt\cxx-framework\src\traditional\proc\p18f46k22.asm
               SSPBUFbits   0x000fc9       data     extern E:\3.46\pic18-lt\cxx-framework\src\traditional\proc\p18f46k22.asm
              SSP1BUFbits   0x000fc9       data     extern E:\3.46\pic18-lt\cxx-framework\src\traditional\proc\p18f46k22.asm
                  SSP1BUF   0x000fc9       data     extern E:\3.46\pic18-lt\cxx-framework\src\traditional\proc\p18f46k22.asm
              SSP1MSKbits   0x000fca       data     extern E:\3.46\pic18-lt\cxx-framework\src\traditional\proc\p18f46k22.asm
                  SSP1MSK   0x000fca       data     extern E:\3.46\pic18-lt\cxx-framework\src\traditional\proc\p18f46k22.asm
               SSPMSKbits   0x000fca       data     extern E:\3.46\pic18-lt\cxx-framework\src\traditional\proc\p18f46k22.asm
                   SSPMSK   0x000fca       data     extern E:\3.46\pic18-lt\cxx-framework\src\traditional\proc\p18f46k22.asm
              SSPCON3bits   0x000fcb       data     extern E:\3.46\pic18-lt\cxx-framework\src\traditional\proc\p18f46k22.asm
                  SSPCON3   0x000fcb       data     extern E:\3.46\pic18-lt\cxx-framework\src\traditional\proc\p18f46k22.asm
             SSP1CON3bits   0x000fcb       data     extern E:\3.46\pic18-lt\cxx-framework\src\traditional\proc\p18f46k22.asm
                 SSP1CON3   0x000fcb       data     extern E:\3.46\pic18-lt\cxx-framework\src\traditional\proc\p18f46k22.asm
               T1GCONbits   0x000fcc       data     extern E:\3.46\pic18-lt\cxx-framework\src\traditional\proc\p18f46k22.asm
                   T1GCON   0x000fcc       data     extern E:\3.46\pic18-lt\cxx-framework\src\traditional\proc\p18f46k22.asm
                T1CONbits   0x000fcd       data     extern E:\3.46\pic18-lt\cxx-framework\src\traditional\proc\p18f46k22.asm
                    T1CON   0x000fcd       data     extern E:\3.46\pic18-lt\cxx-framework\src\traditional\proc\p18f46k22.asm
                    TMR1L   0x000fce       data     extern E:\3.46\pic18-lt\cxx-framework\src\traditional\proc\p18f46k22.asm
                    TMR1H   0x000fcf       data     extern E:\3.46\pic18-lt\cxx-framework\src\traditional\proc\p18f46k22.asm
                 RCONbits   0x000fd0       data     extern E:\3.46\pic18-lt\cxx-framework\src\traditional\proc\p18f46k22.asm
                     RCON   0x000fd0       data     extern E:\3.46\pic18-lt\cxx-framework\src\traditional\proc\p18f46k22.asm
                   WDTCON   0x000fd1       data     extern E:\3.46\pic18-lt\cxx-framework\src\traditional\proc\p18f46k22.asm
               WDTCONbits   0x000fd1       data     extern E:\3.46\pic18-lt\cxx-framework\src\traditional\proc\p18f46k22.asm
              OSCCON2bits   0x000fd2       data     extern E:\3.46\pic18-lt\cxx-framework\src\traditional\proc\p18f46k22.asm
                  OSCCON2   0x000fd2       data     extern E:\3.46\pic18-lt\cxx-framework\src\traditional\proc\p18f46k22.asm
               OSCCONbits   0x000fd3       data     extern E:\3.46\pic18-lt\cxx-framework\src\traditional\proc\p18f46k22.asm
                   OSCCON   0x000fd3       data     extern E:\3.46\pic18-lt\cxx-framework\src\traditional\proc\p18f46k22.asm
                    T0CON   0x000fd5       data     extern E:\3.46\pic18-lt\cxx-framework\src\traditional\proc\p18f46k22.asm
                T0CONbits   0x000fd5       data     extern E:\3.46\pic18-lt\cxx-framework\src\traditional\proc\p18f46k22.asm
                    TMR0L   0x000fd6       data     extern E:\3.46\pic18-lt\cxx-framework\src\traditional\proc\p18f46k22.asm
                    TMR0H   0x000fd7       data     extern E:\3.46\pic18-lt\cxx-framework\src\traditional\proc\p18f46k22.asm
                   STATUS   0x000fd8       data     extern E:\3.46\pic18-lt\cxx-framework\src\traditional\proc\p18f46k22.asm
               STATUSbits   0x000fd8       data     extern E:\3.46\pic18-lt\cxx-framework\src\traditional\proc\p18f46k22.asm
                     FSR2   0x000fd9       data     extern E:\3.46\pic18-lt\cxx-framework\src\traditional\proc\p18f46k22.asm
                    FSR2L   0x000fd9       data     extern E:\3.46\pic18-lt\cxx-framework\src\traditional\proc\p18f46k22.asm
                    FSR2H   0x000fda       data     extern E:\3.46\pic18-lt\cxx-framework\src\traditional\proc\p18f46k22.asm
                   PLUSW2   0x000fdb       data     extern E:\3.46\pic18-lt\cxx-framework\src\traditional\proc\p18f46k22.asm
                  PREINC2   0x000fdc       data     extern E:\3.46\pic18-lt\cxx-framework\src\traditional\proc\p18f46k22.asm
                 POSTDEC2   0x000fdd       data     extern E:\3.46\pic18-lt\cxx-framework\src\traditional\proc\p18f46k22.asm
                 POSTINC2   0x000fde       data     extern E:\3.46\pic18-lt\cxx-framework\src\traditional\proc\p18f46k22.asm
                    INDF2   0x000fdf       data     extern E:\3.46\pic18-lt\cxx-framework\src\traditional\proc\p18f46k22.asm
                      BSR   0x000fe0       data     extern E:\3.46\pic18-lt\cxx-framework\src\traditional\proc\p18f46k22.asm
                    FSR1L   0x000fe1       data     extern E:\3.46\pic18-lt\cxx-framework\src\traditional\proc\p18f46k22.asm
                     FSR1   0x000fe1       data     extern E:\3.46\pic18-lt\cxx-framework\src\traditional\proc\p18f46k22.asm
                    FSR1H   0x000fe2       data     extern E:\3.46\pic18-lt\cxx-framework\src\traditional\proc\p18f46k22.asm
                   PLUSW1   0x000fe3       data     extern E:\3.46\pic18-lt\cxx-framework\src\traditional\proc\p18f46k22.asm
                  PREINC1   0x000fe4       data     extern E:\3.46\pic18-lt\cxx-framework\src\traditional\proc\p18f46k22.asm
                 POSTDEC1   0x000fe5       data     extern E:\3.46\pic18-lt\cxx-framework\src\traditional\proc\p18f46k22.asm
                 POSTINC1   0x000fe6       data     extern E:\3.46\pic18-lt\cxx-framework\src\traditional\proc\p18f46k22.asm
                    INDF1   0x000fe7       data     extern E:\3.46\pic18-lt\cxx-framework\src\traditional\proc\p18f46k22.asm
                     WREG   0x000fe8       data     extern E:\3.46\pic18-lt\cxx-framework\src\traditional\proc\p18f46k22.asm
                        W   0x000fe8       data     extern E:\3.46\pic18-lt\cxx-framework\src\traditional\proc\p18f46k22.asm
                    FSR0L   0x000fe9       data     extern E:\3.46\pic18-lt\cxx-framework\src\traditional\proc\p18f46k22.asm
                     FSR0   0x000fe9       data     extern E:\3.46\pic18-lt\cxx-framework\src\traditional\proc\p18f46k22.asm
                    FSR0H   0x000fea       data     extern E:\3.46\pic18-lt\cxx-framework\src\traditional\proc\p18f46k22.asm
                   PLUSW0   0x000feb       data     extern E:\3.46\pic18-lt\cxx-framework\src\traditional\proc\p18f46k22.asm
                  PREINC0   0x000fec       data     extern E:\3.46\pic18-lt\cxx-framework\src\traditional\proc\p18f46k22.asm
                 POSTDEC0   0x000fed       data     extern E:\3.46\pic18-lt\cxx-framework\src\traditional\proc\p18f46k22.asm
                 POSTINC0   0x000fee       data     extern E:\3.46\pic18-lt\cxx-framework\src\traditional\proc\p18f46k22.asm
                    INDF0   0x000fef       data     extern E:\3.46\pic18-lt\cxx-framework\src\traditional\proc\p18f46k22.asm
              INTCON3bits   0x000ff0       data     extern E:\3.46\pic18-lt\cxx-framework\src\traditional\proc\p18f46k22.asm
                  INTCON3   0x000ff0       data     extern E:\3.46\pic18-lt\cxx-framework\src\traditional\proc\p18f46k22.asm
              INTCON2bits   0x000ff1       data     extern E:\3.46\pic18-lt\cxx-framework\src\traditional\proc\p18f46k22.asm
                  INTCON2   0x000ff1       data     extern E:\3.46\pic18-lt\cxx-framework\src\traditional\proc\p18f46k22.asm
               INTCONbits   0x000ff2       data     extern E:\3.46\pic18-lt\cxx-framework\src\traditional\proc\p18f46k22.asm
                   INTCON   0x000ff2       data     extern E:\3.46\pic18-lt\cxx-framework\src\traditional\proc\p18f46k22.asm
                    PRODL   0x000ff3       data     extern E:\3.46\pic18-lt\cxx-framework\src\traditional\proc\p18f46k22.asm
                     PROD   0x000ff3       data     extern E:\3.46\pic18-lt\cxx-framework\src\traditional\proc\p18f46k22.asm
                    PRODH   0x000ff4       data     extern E:\3.46\pic18-lt\cxx-framework\src\traditional\proc\p18f46k22.asm
                   TABLAT   0x000ff5       data     extern E:\3.46\pic18-lt\cxx-framework\src\traditional\proc\p18f46k22.asm
                  TBLPTRL   0x000ff6       data     extern E:\3.46\pic18-lt\cxx-framework\src\traditional\proc\p18f46k22.asm
                   TBLPTR   0x000ff6       data     extern E:\3.46\pic18-lt\cxx-framework\src\traditional\proc\p18f46k22.asm
                  TBLPTRH   0x000ff7       data     extern E:\3.46\pic18-lt\cxx-framework\src\traditional\proc\p18f46k22.asm
              TBLPTRUbits   0x000ff8       data     extern E:\3.46\pic18-lt\cxx-framework\src\traditional\proc\p18f46k22.asm
                  TBLPTRU   0x000ff8       data     extern E:\3.46\pic18-lt\cxx-framework\src\traditional\proc\p18f46k22.asm
                       PC   0x000ff9       data     extern E:\3.46\pic18-lt\cxx-framework\src\traditional\proc\p18f46k22.asm
                      PCL   0x000ff9       data     extern E:\3.46\pic18-lt\cxx-framework\src\traditional\proc\p18f46k22.asm
                   PCLATH   0x000ffa       data     extern E:\3.46\pic18-lt\cxx-framework\src\traditional\proc\p18f46k22.asm
                   PCLATU   0x000ffb       data     extern E:\3.46\pic18-lt\cxx-framework\src\traditional\proc\p18f46k22.asm
                   STKPTR   0x000ffc       data     extern E:\3.46\pic18-lt\cxx-framework\src\traditional\proc\p18f46k22.asm
               STKPTRbits   0x000ffc       data     extern E:\3.46\pic18-lt\cxx-framework\src\traditional\proc\p18f46k22.asm
                     TOSL   0x000ffd       data     extern E:\3.46\pic18-lt\cxx-framework\src\traditional\proc\p18f46k22.asm
                      TOS   0x000ffd       data     extern E:\3.46\pic18-lt\cxx-framework\src\traditional\proc\p18f46k22.asm
                     TOSH   0x000ffe       data     extern E:\3.46\pic18-lt\cxx-framework\src\traditional\proc\p18f46k22.asm
                     TOSU   0x000fff       data     extern E:\3.46\pic18-lt\cxx-framework\src\traditional\proc\p18f46k22.asm


